Archive member included because of file (symbol)

d:/dave-3.1.10/arm-gcc/bin/../lib/gcc/arm-none-eabi/4.7.4/armv6-m\libgcc.a(_udivsi3.o)
                              Startup/system_XMC1300.o (__aeabi_uidiv)
d:/dave-3.1.10/arm-gcc/bin/../lib/gcc/arm-none-eabi/4.7.4/armv6-m\libgcc.a(_dvmd_tls.o)
                              d:/dave-3.1.10/arm-gcc/bin/../lib/gcc/arm-none-eabi/4.7.4/armv6-m\libgcc.a(_udivsi3.o) (__aeabi_idiv0)
d:/dave-3.1.10/arm-gcc/bin/../lib/gcc/arm-none-eabi/4.7.4/armv6-m\libgcc.a(_arm_cmpsf2.o)
                              Dave/Generated/src/SPI001/SPI001.o (__aeabi_fcmple)
d:/dave-3.1.10/arm-gcc/bin/../lib/gcc/arm-none-eabi/4.7.4/armv6-m\libgcc.a(_fixunssfsi.o)
                              Dave/Generated/src/SPI001/SPI001.o (__aeabi_f2uiz)
d:/dave-3.1.10/arm-gcc/bin/../lib/gcc/arm-none-eabi/4.7.4/armv6-m\libgcc.a(addsf3.o)
                              Dave/Generated/src/SPI001/SPI001.o (__aeabi_fadd)
d:/dave-3.1.10/arm-gcc/bin/../lib/gcc/arm-none-eabi/4.7.4/armv6-m\libgcc.a(divsf3.o)
                              Dave/Generated/src/SPI001/SPI001.o (__aeabi_fdiv)
d:/dave-3.1.10/arm-gcc/bin/../lib/gcc/arm-none-eabi/4.7.4/armv6-m\libgcc.a(eqsf2.o)
                              d:/dave-3.1.10/arm-gcc/bin/../lib/gcc/arm-none-eabi/4.7.4/armv6-m\libgcc.a(_arm_cmpsf2.o) (__eqsf2)
d:/dave-3.1.10/arm-gcc/bin/../lib/gcc/arm-none-eabi/4.7.4/armv6-m\libgcc.a(gesf2.o)
                              d:/dave-3.1.10/arm-gcc/bin/../lib/gcc/arm-none-eabi/4.7.4/armv6-m\libgcc.a(_arm_cmpsf2.o) (__gesf2)
d:/dave-3.1.10/arm-gcc/bin/../lib/gcc/arm-none-eabi/4.7.4/armv6-m\libgcc.a(lesf2.o)
                              d:/dave-3.1.10/arm-gcc/bin/../lib/gcc/arm-none-eabi/4.7.4/armv6-m\libgcc.a(_arm_cmpsf2.o) (__lesf2)
d:/dave-3.1.10/arm-gcc/bin/../lib/gcc/arm-none-eabi/4.7.4/armv6-m\libgcc.a(mulsf3.o)
                              Dave/Generated/src/SPI001/SPI001.o (__aeabi_fmul)
d:/dave-3.1.10/arm-gcc/bin/../lib/gcc/arm-none-eabi/4.7.4/armv6-m\libgcc.a(subsf3.o)
                              Dave/Generated/src/SPI001/SPI001.o (__aeabi_fsub)
d:/dave-3.1.10/arm-gcc/bin/../lib/gcc/arm-none-eabi/4.7.4/armv6-m\libgcc.a(fixsfsi.o)
                              d:/dave-3.1.10/arm-gcc/bin/../lib/gcc/arm-none-eabi/4.7.4/armv6-m\libgcc.a(_fixunssfsi.o) (__aeabi_f2iz)
d:/dave-3.1.10/arm-gcc/bin/../lib/gcc/arm-none-eabi/4.7.4/armv6-m\libgcc.a(floatunsisf.o)
                              Dave/Generated/src/SPI001/SPI001.o (__aeabi_ui2f)
d:/dave-3.1.10/arm-gcc/bin/../lib/gcc/arm-none-eabi/4.7.4/armv6-m\libgcc.a(_clzsi2.o)
                              d:/dave-3.1.10/arm-gcc/bin/../lib/gcc/arm-none-eabi/4.7.4/armv6-m\libgcc.a(addsf3.o) (__clzsi2)

Allocating common symbols
Common symbol       size              file

SystemCoreClock     0x4               Startup/system_XMC1300.o

Discarded input sections

 .group         0x00000000        0x8 Startup/system_XMC1300.o
 .group         0x00000000        0x8 Startup/system_XMC1300.o
 .group         0x00000000        0x8 Startup/system_XMC1300.o
 .group         0x00000000        0x8 Startup/system_XMC1300.o
 .group         0x00000000        0x8 Startup/system_XMC1300.o
 .group         0x00000000        0x8 Startup/system_XMC1300.o
 .group         0x00000000        0x8 Startup/system_XMC1300.o
 .group         0x00000000        0x8 Startup/system_XMC1300.o
 .group         0x00000000        0x8 Startup/system_XMC1300.o
 .group         0x00000000        0x8 Startup/system_XMC1300.o
 .group         0x00000000        0x8 Startup/system_XMC1300.o
 .group         0x00000000        0x8 Startup/system_XMC1300.o
 .comment       0x00000000       0x71 Startup/system_XMC1300.o
 .group         0x00000000        0x8 Main.o
 .group         0x00000000        0x8 Main.o
 .group         0x00000000        0x8 Main.o
 .group         0x00000000        0x8 Main.o
 .group         0x00000000        0x8 Main.o
 .group         0x00000000        0x8 Main.o
 .group         0x00000000        0x8 Main.o
 .group         0x00000000        0x8 Main.o
 .group         0x00000000        0x8 Main.o
 .group         0x00000000        0x8 Main.o
 .group         0x00000000        0x8 Main.o
 .group         0x00000000        0x8 Main.o
 .group         0x00000000        0x8 Main.o
 .group         0x00000000        0x8 Main.o
 .group         0x00000000        0x8 Main.o
 .group         0x00000000        0x8 Main.o
 .group         0x00000000        0x8 Main.o
 .group         0x00000000        0x8 Main.o
 .group         0x00000000        0x8 Main.o
 .group         0x00000000        0x8 Main.o
 .group         0x00000000        0x8 Main.o
 .debug_macro   0x00000000      0x7f0 Main.o
 .debug_macro   0x00000000       0x22 Main.o
 .debug_macro   0x00000000       0x3a Main.o
 .debug_macro   0x00000000       0x3a Main.o
 .debug_macro   0x00000000       0x10 Main.o
 .debug_macro   0x00000000       0x2e Main.o
 .debug_macro   0x00000000       0xa3 Main.o
 .debug_macro   0x00000000      0x20e Main.o
 .debug_macro   0x00000000       0x1f Main.o
 .debug_macro   0x00000000      0x242 Main.o
 .debug_macro   0x00000000       0x36 Main.o
 .debug_macro   0x00000000     0x843f Main.o
 .comment       0x00000000       0x71 Main.o
 .group         0x00000000        0x8 Lib/System_LibcStubs.o
 .group         0x00000000        0x8 Lib/System_LibcStubs.o
 .group         0x00000000        0x8 Lib/System_LibcStubs.o
 .group         0x00000000        0x8 Lib/System_LibcStubs.o
 .group         0x00000000        0x8 Lib/System_LibcStubs.o
 .group         0x00000000        0x8 Lib/System_LibcStubs.o
 .group         0x00000000        0x8 Lib/System_LibcStubs.o
 .group         0x00000000        0x8 Lib/System_LibcStubs.o
 .group         0x00000000        0x8 Lib/System_LibcStubs.o
 .group         0x00000000        0x8 Lib/System_LibcStubs.o
 .group         0x00000000        0x8 Lib/System_LibcStubs.o
 .group         0x00000000        0x8 Lib/System_LibcStubs.o
 .group         0x00000000        0x8 Lib/System_LibcStubs.o
 .group         0x00000000        0x8 Lib/System_LibcStubs.o
 .group         0x00000000        0x8 Lib/System_LibcStubs.o
 .group         0x00000000        0x8 Lib/System_LibcStubs.o
 .group         0x00000000        0x8 Lib/System_LibcStubs.o
 .group         0x00000000        0x8 Lib/System_LibcStubs.o
 .group         0x00000000        0x8 Lib/System_LibcStubs.o
 .group         0x00000000        0x8 Lib/System_LibcStubs.o
 .group         0x00000000        0x8 Lib/System_LibcStubs.o
 .debug_macro   0x00000000      0x7f0 Lib/System_LibcStubs.o
 .debug_macro   0x00000000       0x3a Lib/System_LibcStubs.o
 .debug_macro   0x00000000       0x10 Lib/System_LibcStubs.o
 .debug_macro   0x00000000       0x2e Lib/System_LibcStubs.o
 .debug_macro   0x00000000       0xa3 Lib/System_LibcStubs.o
 .comment       0x00000000       0x71 Lib/System_LibcStubs.o
 .group         0x00000000        0x8 Dave/Generated/src/SPI001/SPI001.o
 .group         0x00000000        0x8 Dave/Generated/src/SPI001/SPI001.o
 .group         0x00000000        0x8 Dave/Generated/src/SPI001/SPI001.o
 .group         0x00000000        0x8 Dave/Generated/src/SPI001/SPI001.o
 .group         0x00000000        0x8 Dave/Generated/src/SPI001/SPI001.o
 .group         0x00000000        0x8 Dave/Generated/src/SPI001/SPI001.o
 .group         0x00000000        0x8 Dave/Generated/src/SPI001/SPI001.o
 .group         0x00000000        0x8 Dave/Generated/src/SPI001/SPI001.o
 .group         0x00000000        0x8 Dave/Generated/src/SPI001/SPI001.o
 .group         0x00000000        0x8 Dave/Generated/src/SPI001/SPI001.o
 .group         0x00000000        0x8 Dave/Generated/src/SPI001/SPI001.o
 .group         0x00000000        0x8 Dave/Generated/src/SPI001/SPI001.o
 .group         0x00000000        0x8 Dave/Generated/src/SPI001/SPI001.o
 .group         0x00000000        0x8 Dave/Generated/src/SPI001/SPI001.o
 .group         0x00000000        0x8 Dave/Generated/src/SPI001/SPI001.o
 .group         0x00000000        0x8 Dave/Generated/src/SPI001/SPI001.o
 .group         0x00000000        0x8 Dave/Generated/src/SPI001/SPI001.o
 .group         0x00000000        0x8 Dave/Generated/src/SPI001/SPI001.o
 .group         0x00000000        0x8 Dave/Generated/src/SPI001/SPI001.o
 .group         0x00000000        0x8 Dave/Generated/src/SPI001/SPI001.o
 .group         0x00000000        0x8 Dave/Generated/src/SPI001/SPI001.o
 .group         0x00000000        0x8 Dave/Generated/src/SPI001/SPI001.o
 .debug_macro   0x00000000      0x7f0 Dave/Generated/src/SPI001/SPI001.o
 .debug_macro   0x00000000       0x22 Dave/Generated/src/SPI001/SPI001.o
 .debug_macro   0x00000000       0x3a Dave/Generated/src/SPI001/SPI001.o
 .debug_macro   0x00000000       0x3a Dave/Generated/src/SPI001/SPI001.o
 .debug_macro   0x00000000       0x10 Dave/Generated/src/SPI001/SPI001.o
 .debug_macro   0x00000000       0x2e Dave/Generated/src/SPI001/SPI001.o
 .debug_macro   0x00000000       0xa3 Dave/Generated/src/SPI001/SPI001.o
 .debug_macro   0x00000000      0x20e Dave/Generated/src/SPI001/SPI001.o
 .debug_macro   0x00000000       0x1f Dave/Generated/src/SPI001/SPI001.o
 .debug_macro   0x00000000      0x242 Dave/Generated/src/SPI001/SPI001.o
 .debug_macro   0x00000000       0x36 Dave/Generated/src/SPI001/SPI001.o
 .debug_macro   0x00000000     0x843f Dave/Generated/src/SPI001/SPI001.o
 .debug_macro   0x00000000      0x16c Dave/Generated/src/SPI001/SPI001.o
 .debug_macro   0x00000000       0x22 Dave/Generated/src/SPI001/SPI001.o
 .debug_macro   0x00000000      0x311 Dave/Generated/src/SPI001/SPI001.o
 .debug_macro   0x00000000       0x64 Dave/Generated/src/SPI001/SPI001.o
 .debug_macro   0x00000000       0x34 Dave/Generated/src/SPI001/SPI001.o
 .debug_macro   0x00000000       0x2d Dave/Generated/src/SPI001/SPI001.o
 .debug_macro   0x00000000       0x10 Dave/Generated/src/SPI001/SPI001.o
 .debug_macro   0x00000000       0x16 Dave/Generated/src/SPI001/SPI001.o
 .debug_macro   0x00000000       0x16 Dave/Generated/src/SPI001/SPI001.o
 .comment       0x00000000       0x71 Dave/Generated/src/SPI001/SPI001.o
 .group         0x00000000        0x8 Dave/Generated/src/SPI001/SPI001_Conf.o
 .group         0x00000000        0x8 Dave/Generated/src/SPI001/SPI001_Conf.o
 .group         0x00000000        0x8 Dave/Generated/src/SPI001/SPI001_Conf.o
 .group         0x00000000        0x8 Dave/Generated/src/SPI001/SPI001_Conf.o
 .group         0x00000000        0x8 Dave/Generated/src/SPI001/SPI001_Conf.o
 .group         0x00000000        0x8 Dave/Generated/src/SPI001/SPI001_Conf.o
 .group         0x00000000        0x8 Dave/Generated/src/SPI001/SPI001_Conf.o
 .group         0x00000000        0x8 Dave/Generated/src/SPI001/SPI001_Conf.o
 .group         0x00000000        0x8 Dave/Generated/src/SPI001/SPI001_Conf.o
 .group         0x00000000        0x8 Dave/Generated/src/SPI001/SPI001_Conf.o
 .group         0x00000000        0x8 Dave/Generated/src/SPI001/SPI001_Conf.o
 .group         0x00000000        0x8 Dave/Generated/src/SPI001/SPI001_Conf.o
 .group         0x00000000        0x8 Dave/Generated/src/SPI001/SPI001_Conf.o
 .group         0x00000000        0x8 Dave/Generated/src/SPI001/SPI001_Conf.o
 .group         0x00000000        0x8 Dave/Generated/src/SPI001/SPI001_Conf.o
 .group         0x00000000        0x8 Dave/Generated/src/SPI001/SPI001_Conf.o
 .group         0x00000000        0x8 Dave/Generated/src/SPI001/SPI001_Conf.o
 .group         0x00000000        0x8 Dave/Generated/src/SPI001/SPI001_Conf.o
 .group         0x00000000        0x8 Dave/Generated/src/SPI001/SPI001_Conf.o
 .group         0x00000000        0x8 Dave/Generated/src/SPI001/SPI001_Conf.o
 .group         0x00000000        0x8 Dave/Generated/src/SPI001/SPI001_Conf.o
 .debug_macro   0x00000000      0x7f0 Dave/Generated/src/SPI001/SPI001_Conf.o
 .debug_macro   0x00000000       0x22 Dave/Generated/src/SPI001/SPI001_Conf.o
 .debug_macro   0x00000000       0x3a Dave/Generated/src/SPI001/SPI001_Conf.o
 .debug_macro   0x00000000       0x3a Dave/Generated/src/SPI001/SPI001_Conf.o
 .debug_macro   0x00000000       0x10 Dave/Generated/src/SPI001/SPI001_Conf.o
 .debug_macro   0x00000000       0x2e Dave/Generated/src/SPI001/SPI001_Conf.o
 .debug_macro   0x00000000       0xa3 Dave/Generated/src/SPI001/SPI001_Conf.o
 .debug_macro   0x00000000      0x20e Dave/Generated/src/SPI001/SPI001_Conf.o
 .debug_macro   0x00000000       0x1f Dave/Generated/src/SPI001/SPI001_Conf.o
 .debug_macro   0x00000000      0x242 Dave/Generated/src/SPI001/SPI001_Conf.o
 .debug_macro   0x00000000       0x36 Dave/Generated/src/SPI001/SPI001_Conf.o
 .debug_macro   0x00000000     0x843f Dave/Generated/src/SPI001/SPI001_Conf.o
 .debug_macro   0x00000000      0x16c Dave/Generated/src/SPI001/SPI001_Conf.o
 .debug_macro   0x00000000       0x22 Dave/Generated/src/SPI001/SPI001_Conf.o
 .debug_macro   0x00000000      0x311 Dave/Generated/src/SPI001/SPI001_Conf.o
 .debug_macro   0x00000000       0x64 Dave/Generated/src/SPI001/SPI001_Conf.o
 .debug_macro   0x00000000       0x34 Dave/Generated/src/SPI001/SPI001_Conf.o
 .debug_macro   0x00000000       0x2d Dave/Generated/src/SPI001/SPI001_Conf.o
 .debug_macro   0x00000000       0x10 Dave/Generated/src/SPI001/SPI001_Conf.o
 .debug_macro   0x00000000       0x16 Dave/Generated/src/SPI001/SPI001_Conf.o
 .debug_macro   0x00000000       0x16 Dave/Generated/src/SPI001/SPI001_Conf.o
 .comment       0x00000000       0x71 Dave/Generated/src/SPI001/SPI001_Conf.o
 .group         0x00000000        0x8 Dave/Generated/src/MATHLIBS/FASTMATH01.o
 .group         0x00000000        0x8 Dave/Generated/src/MATHLIBS/FASTMATH01.o
 .group         0x00000000        0x8 Dave/Generated/src/MATHLIBS/FASTMATH01.o
 .group         0x00000000        0x8 Dave/Generated/src/MATHLIBS/FASTMATH01.o
 .group         0x00000000        0x8 Dave/Generated/src/MATHLIBS/FASTMATH01.o
 .group         0x00000000        0x8 Dave/Generated/src/MATHLIBS/FASTMATH01.o
 .group         0x00000000        0x8 Dave/Generated/src/MATHLIBS/FASTMATH01.o
 .group         0x00000000        0x8 Dave/Generated/src/MATHLIBS/FASTMATH01.o
 .group         0x00000000        0x8 Dave/Generated/src/MATHLIBS/FASTMATH01.o
 .group         0x00000000        0x8 Dave/Generated/src/MATHLIBS/FASTMATH01.o
 .group         0x00000000        0x8 Dave/Generated/src/MATHLIBS/FASTMATH01.o
 .group         0x00000000        0x8 Dave/Generated/src/MATHLIBS/FASTMATH01.o
 .group         0x00000000        0x8 Dave/Generated/src/MATHLIBS/FASTMATH01.o
 .group         0x00000000        0x8 Dave/Generated/src/MATHLIBS/FASTMATH01.o
 .group         0x00000000        0x8 Dave/Generated/src/MATHLIBS/FASTMATH01.o
 .group         0x00000000        0x8 Dave/Generated/src/MATHLIBS/FASTMATH01.o
 .group         0x00000000        0x8 Dave/Generated/src/MATHLIBS/FASTMATH01.o
 .group         0x00000000        0x8 Dave/Generated/src/MATHLIBS/FASTMATH01.o
 .group         0x00000000        0x8 Dave/Generated/src/MATHLIBS/FASTMATH01.o
 .group         0x00000000        0x8 Dave/Generated/src/MATHLIBS/FASTMATH01.o
 .group         0x00000000        0x8 Dave/Generated/src/MATHLIBS/FASTMATH01.o
 .group         0x00000000        0x8 Dave/Generated/src/MATHLIBS/FASTMATH01.o
 .debug_macro   0x00000000      0x7f0 Dave/Generated/src/MATHLIBS/FASTMATH01.o
 .debug_macro   0x00000000       0x22 Dave/Generated/src/MATHLIBS/FASTMATH01.o
 .debug_macro   0x00000000       0x3a Dave/Generated/src/MATHLIBS/FASTMATH01.o
 .debug_macro   0x00000000       0x3a Dave/Generated/src/MATHLIBS/FASTMATH01.o
 .debug_macro   0x00000000       0x10 Dave/Generated/src/MATHLIBS/FASTMATH01.o
 .debug_macro   0x00000000       0x2e Dave/Generated/src/MATHLIBS/FASTMATH01.o
 .debug_macro   0x00000000       0xa3 Dave/Generated/src/MATHLIBS/FASTMATH01.o
 .debug_macro   0x00000000      0x20e Dave/Generated/src/MATHLIBS/FASTMATH01.o
 .debug_macro   0x00000000       0x1f Dave/Generated/src/MATHLIBS/FASTMATH01.o
 .debug_macro   0x00000000      0x242 Dave/Generated/src/MATHLIBS/FASTMATH01.o
 .debug_macro   0x00000000       0x36 Dave/Generated/src/MATHLIBS/FASTMATH01.o
 .debug_macro   0x00000000     0x843f Dave/Generated/src/MATHLIBS/FASTMATH01.o
 .debug_macro   0x00000000      0x16c Dave/Generated/src/MATHLIBS/FASTMATH01.o
 .debug_macro   0x00000000       0x22 Dave/Generated/src/MATHLIBS/FASTMATH01.o
 .debug_macro   0x00000000      0x311 Dave/Generated/src/MATHLIBS/FASTMATH01.o
 .debug_macro   0x00000000       0x64 Dave/Generated/src/MATHLIBS/FASTMATH01.o
 .debug_macro   0x00000000       0x34 Dave/Generated/src/MATHLIBS/FASTMATH01.o
 .debug_macro   0x00000000       0x2d Dave/Generated/src/MATHLIBS/FASTMATH01.o
 .debug_macro   0x00000000       0x10 Dave/Generated/src/MATHLIBS/FASTMATH01.o
 .debug_macro   0x00000000       0x16 Dave/Generated/src/MATHLIBS/FASTMATH01.o
 .debug_macro   0x00000000       0x16 Dave/Generated/src/MATHLIBS/FASTMATH01.o
 .comment       0x00000000       0x71 Dave/Generated/src/MATHLIBS/FASTMATH01.o
 .group         0x00000000        0x8 Dave/Generated/src/MATHLIBS/MATH01.o
 .group         0x00000000        0x8 Dave/Generated/src/MATHLIBS/MATH01.o
 .group         0x00000000        0x8 Dave/Generated/src/MATHLIBS/MATH01.o
 .group         0x00000000        0x8 Dave/Generated/src/MATHLIBS/MATH01.o
 .group         0x00000000        0x8 Dave/Generated/src/MATHLIBS/MATH01.o
 .group         0x00000000        0x8 Dave/Generated/src/MATHLIBS/MATH01.o
 .group         0x00000000        0x8 Dave/Generated/src/MATHLIBS/MATH01.o
 .group         0x00000000        0x8 Dave/Generated/src/MATHLIBS/MATH01.o
 .group         0x00000000        0x8 Dave/Generated/src/MATHLIBS/MATH01.o
 .group         0x00000000        0x8 Dave/Generated/src/MATHLIBS/MATH01.o
 .group         0x00000000        0x8 Dave/Generated/src/MATHLIBS/MATH01.o
 .group         0x00000000        0x8 Dave/Generated/src/MATHLIBS/MATH01.o
 .group         0x00000000        0x8 Dave/Generated/src/MATHLIBS/MATH01.o
 .group         0x00000000        0x8 Dave/Generated/src/MATHLIBS/MATH01.o
 .group         0x00000000        0x8 Dave/Generated/src/MATHLIBS/MATH01.o
 .group         0x00000000        0x8 Dave/Generated/src/MATHLIBS/MATH01.o
 .group         0x00000000        0x8 Dave/Generated/src/MATHLIBS/MATH01.o
 .group         0x00000000        0x8 Dave/Generated/src/MATHLIBS/MATH01.o
 .group         0x00000000        0x8 Dave/Generated/src/MATHLIBS/MATH01.o
 .group         0x00000000        0x8 Dave/Generated/src/MATHLIBS/MATH01.o
 .group         0x00000000        0x8 Dave/Generated/src/MATHLIBS/MATH01.o
 .group         0x00000000        0x8 Dave/Generated/src/MATHLIBS/MATH01.o
 .debug_macro   0x00000000      0x7f0 Dave/Generated/src/MATHLIBS/MATH01.o
 .debug_macro   0x00000000      0x130 Dave/Generated/src/MATHLIBS/MATH01.o
 .debug_macro   0x00000000       0x22 Dave/Generated/src/MATHLIBS/MATH01.o
 .debug_macro   0x00000000       0x3a Dave/Generated/src/MATHLIBS/MATH01.o
 .debug_macro   0x00000000       0x3a Dave/Generated/src/MATHLIBS/MATH01.o
 .debug_macro   0x00000000       0x10 Dave/Generated/src/MATHLIBS/MATH01.o
 .debug_macro   0x00000000       0x2e Dave/Generated/src/MATHLIBS/MATH01.o
 .debug_macro   0x00000000       0xa3 Dave/Generated/src/MATHLIBS/MATH01.o
 .debug_macro   0x00000000      0x20e Dave/Generated/src/MATHLIBS/MATH01.o
 .debug_macro   0x00000000       0x1f Dave/Generated/src/MATHLIBS/MATH01.o
 .debug_macro   0x00000000      0x242 Dave/Generated/src/MATHLIBS/MATH01.o
 .debug_macro   0x00000000       0x36 Dave/Generated/src/MATHLIBS/MATH01.o
 .debug_macro   0x00000000     0x843f Dave/Generated/src/MATHLIBS/MATH01.o
 .debug_macro   0x00000000      0x16c Dave/Generated/src/MATHLIBS/MATH01.o
 .debug_macro   0x00000000       0x22 Dave/Generated/src/MATHLIBS/MATH01.o
 .debug_macro   0x00000000      0x311 Dave/Generated/src/MATHLIBS/MATH01.o
 .debug_macro   0x00000000       0x64 Dave/Generated/src/MATHLIBS/MATH01.o
 .debug_macro   0x00000000       0x34 Dave/Generated/src/MATHLIBS/MATH01.o
 .debug_macro   0x00000000       0x2d Dave/Generated/src/MATHLIBS/MATH01.o
 .debug_macro   0x00000000       0x10 Dave/Generated/src/MATHLIBS/MATH01.o
 .debug_macro   0x00000000       0x16 Dave/Generated/src/MATHLIBS/MATH01.o
 .debug_macro   0x00000000       0x16 Dave/Generated/src/MATHLIBS/MATH01.o
 .comment       0x00000000       0x71 Dave/Generated/src/MATHLIBS/MATH01.o
 .group         0x00000000        0x8 Dave/Generated/src/MATHLIBS/MATHLLD01.o
 .group         0x00000000        0x8 Dave/Generated/src/MATHLIBS/MATHLLD01.o
 .group         0x00000000        0x8 Dave/Generated/src/MATHLIBS/MATHLLD01.o
 .group         0x00000000        0x8 Dave/Generated/src/MATHLIBS/MATHLLD01.o
 .group         0x00000000        0x8 Dave/Generated/src/MATHLIBS/MATHLLD01.o
 .group         0x00000000        0x8 Dave/Generated/src/MATHLIBS/MATHLLD01.o
 .group         0x00000000        0x8 Dave/Generated/src/MATHLIBS/MATHLLD01.o
 .group         0x00000000        0x8 Dave/Generated/src/MATHLIBS/MATHLLD01.o
 .group         0x00000000        0x8 Dave/Generated/src/MATHLIBS/MATHLLD01.o
 .group         0x00000000        0x8 Dave/Generated/src/MATHLIBS/MATHLLD01.o
 .group         0x00000000        0x8 Dave/Generated/src/MATHLIBS/MATHLLD01.o
 .group         0x00000000        0x8 Dave/Generated/src/MATHLIBS/MATHLLD01.o
 .group         0x00000000        0x8 Dave/Generated/src/MATHLIBS/MATHLLD01.o
 .group         0x00000000        0x8 Dave/Generated/src/MATHLIBS/MATHLLD01.o
 .group         0x00000000        0x8 Dave/Generated/src/MATHLIBS/MATHLLD01.o
 .group         0x00000000        0x8 Dave/Generated/src/MATHLIBS/MATHLLD01.o
 .group         0x00000000        0x8 Dave/Generated/src/MATHLIBS/MATHLLD01.o
 .group         0x00000000        0x8 Dave/Generated/src/MATHLIBS/MATHLLD01.o
 .group         0x00000000        0x8 Dave/Generated/src/MATHLIBS/MATHLLD01.o
 .group         0x00000000        0x8 Dave/Generated/src/MATHLIBS/MATHLLD01.o
 .group         0x00000000        0x8 Dave/Generated/src/MATHLIBS/MATHLLD01.o
 .group         0x00000000        0x8 Dave/Generated/src/MATHLIBS/MATHLLD01.o
 .debug_macro   0x00000000      0x7f0 Dave/Generated/src/MATHLIBS/MATHLLD01.o
 .debug_macro   0x00000000      0x130 Dave/Generated/src/MATHLIBS/MATHLLD01.o
 .debug_macro   0x00000000       0x22 Dave/Generated/src/MATHLIBS/MATHLLD01.o
 .debug_macro   0x00000000       0x3a Dave/Generated/src/MATHLIBS/MATHLLD01.o
 .debug_macro   0x00000000       0x3a Dave/Generated/src/MATHLIBS/MATHLLD01.o
 .debug_macro   0x00000000       0x10 Dave/Generated/src/MATHLIBS/MATHLLD01.o
 .debug_macro   0x00000000       0x2e Dave/Generated/src/MATHLIBS/MATHLLD01.o
 .debug_macro   0x00000000       0xa3 Dave/Generated/src/MATHLIBS/MATHLLD01.o
 .debug_macro   0x00000000      0x20e Dave/Generated/src/MATHLIBS/MATHLLD01.o
 .debug_macro   0x00000000       0x1f Dave/Generated/src/MATHLIBS/MATHLLD01.o
 .debug_macro   0x00000000      0x242 Dave/Generated/src/MATHLIBS/MATHLLD01.o
 .debug_macro   0x00000000       0x36 Dave/Generated/src/MATHLIBS/MATHLLD01.o
 .debug_macro   0x00000000     0x843f Dave/Generated/src/MATHLIBS/MATHLLD01.o
 .debug_macro   0x00000000      0x16c Dave/Generated/src/MATHLIBS/MATHLLD01.o
 .debug_macro   0x00000000       0x22 Dave/Generated/src/MATHLIBS/MATHLLD01.o
 .debug_macro   0x00000000      0x311 Dave/Generated/src/MATHLIBS/MATHLLD01.o
 .debug_macro   0x00000000       0x64 Dave/Generated/src/MATHLIBS/MATHLLD01.o
 .debug_macro   0x00000000       0x34 Dave/Generated/src/MATHLIBS/MATHLLD01.o
 .debug_macro   0x00000000       0x2d Dave/Generated/src/MATHLIBS/MATHLLD01.o
 .debug_macro   0x00000000       0x10 Dave/Generated/src/MATHLIBS/MATHLLD01.o
 .debug_macro   0x00000000       0x16 Dave/Generated/src/MATHLIBS/MATHLLD01.o
 .debug_macro   0x00000000       0x16 Dave/Generated/src/MATHLIBS/MATHLLD01.o
 .comment       0x00000000       0x71 Dave/Generated/src/MATHLIBS/MATHLLD01.o
 .group         0x00000000        0x8 Dave/Generated/src/MATHLIBS/STDMATH01.o
 .group         0x00000000        0x8 Dave/Generated/src/MATHLIBS/STDMATH01.o
 .group         0x00000000        0x8 Dave/Generated/src/MATHLIBS/STDMATH01.o
 .group         0x00000000        0x8 Dave/Generated/src/MATHLIBS/STDMATH01.o
 .group         0x00000000        0x8 Dave/Generated/src/MATHLIBS/STDMATH01.o
 .group         0x00000000        0x8 Dave/Generated/src/MATHLIBS/STDMATH01.o
 .group         0x00000000        0x8 Dave/Generated/src/MATHLIBS/STDMATH01.o
 .group         0x00000000        0x8 Dave/Generated/src/MATHLIBS/STDMATH01.o
 .group         0x00000000        0x8 Dave/Generated/src/MATHLIBS/STDMATH01.o
 .group         0x00000000        0x8 Dave/Generated/src/MATHLIBS/STDMATH01.o
 .group         0x00000000        0x8 Dave/Generated/src/MATHLIBS/STDMATH01.o
 .group         0x00000000        0x8 Dave/Generated/src/MATHLIBS/STDMATH01.o
 .group         0x00000000        0x8 Dave/Generated/src/MATHLIBS/STDMATH01.o
 .group         0x00000000        0x8 Dave/Generated/src/MATHLIBS/STDMATH01.o
 .group         0x00000000        0x8 Dave/Generated/src/MATHLIBS/STDMATH01.o
 .group         0x00000000        0x8 Dave/Generated/src/MATHLIBS/STDMATH01.o
 .group         0x00000000        0x8 Dave/Generated/src/MATHLIBS/STDMATH01.o
 .group         0x00000000        0x8 Dave/Generated/src/MATHLIBS/STDMATH01.o
 .group         0x00000000        0x8 Dave/Generated/src/MATHLIBS/STDMATH01.o
 .group         0x00000000        0x8 Dave/Generated/src/MATHLIBS/STDMATH01.o
 .group         0x00000000        0x8 Dave/Generated/src/MATHLIBS/STDMATH01.o
 .group         0x00000000        0x8 Dave/Generated/src/MATHLIBS/STDMATH01.o
 .debug_macro   0x00000000      0x7f0 Dave/Generated/src/MATHLIBS/STDMATH01.o
 .debug_macro   0x00000000      0x130 Dave/Generated/src/MATHLIBS/STDMATH01.o
 .debug_macro   0x00000000       0x22 Dave/Generated/src/MATHLIBS/STDMATH01.o
 .debug_macro   0x00000000       0x3a Dave/Generated/src/MATHLIBS/STDMATH01.o
 .debug_macro   0x00000000       0x3a Dave/Generated/src/MATHLIBS/STDMATH01.o
 .debug_macro   0x00000000       0x10 Dave/Generated/src/MATHLIBS/STDMATH01.o
 .debug_macro   0x00000000       0x2e Dave/Generated/src/MATHLIBS/STDMATH01.o
 .debug_macro   0x00000000       0xa3 Dave/Generated/src/MATHLIBS/STDMATH01.o
 .debug_macro   0x00000000      0x20e Dave/Generated/src/MATHLIBS/STDMATH01.o
 .debug_macro   0x00000000       0x1f Dave/Generated/src/MATHLIBS/STDMATH01.o
 .debug_macro   0x00000000      0x242 Dave/Generated/src/MATHLIBS/STDMATH01.o
 .debug_macro   0x00000000       0x36 Dave/Generated/src/MATHLIBS/STDMATH01.o
 .debug_macro   0x00000000     0x843f Dave/Generated/src/MATHLIBS/STDMATH01.o
 .debug_macro   0x00000000      0x16c Dave/Generated/src/MATHLIBS/STDMATH01.o
 .debug_macro   0x00000000       0x22 Dave/Generated/src/MATHLIBS/STDMATH01.o
 .debug_macro   0x00000000      0x311 Dave/Generated/src/MATHLIBS/STDMATH01.o
 .debug_macro   0x00000000       0x64 Dave/Generated/src/MATHLIBS/STDMATH01.o
 .debug_macro   0x00000000       0x34 Dave/Generated/src/MATHLIBS/STDMATH01.o
 .debug_macro   0x00000000       0x2d Dave/Generated/src/MATHLIBS/STDMATH01.o
 .debug_macro   0x00000000       0x10 Dave/Generated/src/MATHLIBS/STDMATH01.o
 .debug_macro   0x00000000       0x16 Dave/Generated/src/MATHLIBS/STDMATH01.o
 .debug_macro   0x00000000       0x16 Dave/Generated/src/MATHLIBS/STDMATH01.o
 .comment       0x00000000       0x71 Dave/Generated/src/MATHLIBS/STDMATH01.o
 .group         0x00000000        0x8 Dave/Generated/src/LIBS/CCU8PWMLIB.o
 .group         0x00000000        0x8 Dave/Generated/src/LIBS/CCU8PWMLIB.o
 .group         0x00000000        0x8 Dave/Generated/src/LIBS/CCU8PWMLIB.o
 .group         0x00000000        0x8 Dave/Generated/src/LIBS/CCU8PWMLIB.o
 .group         0x00000000        0x8 Dave/Generated/src/LIBS/CCU8PWMLIB.o
 .group         0x00000000        0x8 Dave/Generated/src/LIBS/CCU8PWMLIB.o
 .group         0x00000000        0x8 Dave/Generated/src/LIBS/CCU8PWMLIB.o
 .group         0x00000000        0x8 Dave/Generated/src/LIBS/CCU8PWMLIB.o
 .group         0x00000000        0x8 Dave/Generated/src/LIBS/CCU8PWMLIB.o
 .group         0x00000000        0x8 Dave/Generated/src/LIBS/CCU8PWMLIB.o
 .group         0x00000000        0x8 Dave/Generated/src/LIBS/CCU8PWMLIB.o
 .group         0x00000000        0x8 Dave/Generated/src/LIBS/CCU8PWMLIB.o
 .group         0x00000000        0x8 Dave/Generated/src/LIBS/CCU8PWMLIB.o
 .group         0x00000000        0x8 Dave/Generated/src/LIBS/CCU8PWMLIB.o
 .group         0x00000000        0x8 Dave/Generated/src/LIBS/CCU8PWMLIB.o
 .group         0x00000000        0x8 Dave/Generated/src/LIBS/CCU8PWMLIB.o
 .group         0x00000000        0x8 Dave/Generated/src/LIBS/CCU8PWMLIB.o
 .group         0x00000000        0x8 Dave/Generated/src/LIBS/CCU8PWMLIB.o
 .group         0x00000000        0x8 Dave/Generated/src/LIBS/CCU8PWMLIB.o
 .group         0x00000000        0x8 Dave/Generated/src/LIBS/CCU8PWMLIB.o
 .group         0x00000000        0x8 Dave/Generated/src/LIBS/CCU8PWMLIB.o
 .debug_macro   0x00000000      0x7f0 Dave/Generated/src/LIBS/CCU8PWMLIB.o
 .debug_macro   0x00000000       0x22 Dave/Generated/src/LIBS/CCU8PWMLIB.o
 .debug_macro   0x00000000       0x3a Dave/Generated/src/LIBS/CCU8PWMLIB.o
 .debug_macro   0x00000000       0x3a Dave/Generated/src/LIBS/CCU8PWMLIB.o
 .debug_macro   0x00000000       0x10 Dave/Generated/src/LIBS/CCU8PWMLIB.o
 .debug_macro   0x00000000       0x2e Dave/Generated/src/LIBS/CCU8PWMLIB.o
 .debug_macro   0x00000000       0xa3 Dave/Generated/src/LIBS/CCU8PWMLIB.o
 .debug_macro   0x00000000      0x20e Dave/Generated/src/LIBS/CCU8PWMLIB.o
 .debug_macro   0x00000000       0x1f Dave/Generated/src/LIBS/CCU8PWMLIB.o
 .debug_macro   0x00000000      0x242 Dave/Generated/src/LIBS/CCU8PWMLIB.o
 .debug_macro   0x00000000       0x36 Dave/Generated/src/LIBS/CCU8PWMLIB.o
 .debug_macro   0x00000000     0x843f Dave/Generated/src/LIBS/CCU8PWMLIB.o
 .debug_macro   0x00000000      0x16c Dave/Generated/src/LIBS/CCU8PWMLIB.o
 .debug_macro   0x00000000       0x22 Dave/Generated/src/LIBS/CCU8PWMLIB.o
 .debug_macro   0x00000000      0x311 Dave/Generated/src/LIBS/CCU8PWMLIB.o
 .debug_macro   0x00000000       0x64 Dave/Generated/src/LIBS/CCU8PWMLIB.o
 .debug_macro   0x00000000       0x34 Dave/Generated/src/LIBS/CCU8PWMLIB.o
 .debug_macro   0x00000000       0x2d Dave/Generated/src/LIBS/CCU8PWMLIB.o
 .debug_macro   0x00000000       0x10 Dave/Generated/src/LIBS/CCU8PWMLIB.o
 .debug_macro   0x00000000       0x16 Dave/Generated/src/LIBS/CCU8PWMLIB.o
 .debug_macro   0x00000000       0x16 Dave/Generated/src/LIBS/CCU8PWMLIB.o
 .comment       0x00000000       0x71 Dave/Generated/src/LIBS/CCU8PWMLIB.o
 .group         0x00000000        0x8 Dave/Generated/src/LIBS/MOTORLIB.o
 .group         0x00000000        0x8 Dave/Generated/src/LIBS/MOTORLIB.o
 .group         0x00000000        0x8 Dave/Generated/src/LIBS/MOTORLIB.o
 .group         0x00000000        0x8 Dave/Generated/src/LIBS/MOTORLIB.o
 .group         0x00000000        0x8 Dave/Generated/src/LIBS/MOTORLIB.o
 .group         0x00000000        0x8 Dave/Generated/src/LIBS/MOTORLIB.o
 .group         0x00000000        0x8 Dave/Generated/src/LIBS/MOTORLIB.o
 .group         0x00000000        0x8 Dave/Generated/src/LIBS/MOTORLIB.o
 .group         0x00000000        0x8 Dave/Generated/src/LIBS/MOTORLIB.o
 .group         0x00000000        0x8 Dave/Generated/src/LIBS/MOTORLIB.o
 .group         0x00000000        0x8 Dave/Generated/src/LIBS/MOTORLIB.o
 .group         0x00000000        0x8 Dave/Generated/src/LIBS/MOTORLIB.o
 .group         0x00000000        0x8 Dave/Generated/src/LIBS/MOTORLIB.o
 .group         0x00000000        0x8 Dave/Generated/src/LIBS/MOTORLIB.o
 .group         0x00000000        0x8 Dave/Generated/src/LIBS/MOTORLIB.o
 .group         0x00000000        0x8 Dave/Generated/src/LIBS/MOTORLIB.o
 .group         0x00000000        0x8 Dave/Generated/src/LIBS/MOTORLIB.o
 .group         0x00000000        0x8 Dave/Generated/src/LIBS/MOTORLIB.o
 .group         0x00000000        0x8 Dave/Generated/src/LIBS/MOTORLIB.o
 .group         0x00000000        0x8 Dave/Generated/src/LIBS/MOTORLIB.o
 .group         0x00000000        0x8 Dave/Generated/src/LIBS/MOTORLIB.o
 .debug_macro   0x00000000      0x7f0 Dave/Generated/src/LIBS/MOTORLIB.o
 .debug_macro   0x00000000       0x22 Dave/Generated/src/LIBS/MOTORLIB.o
 .debug_macro   0x00000000       0x3a Dave/Generated/src/LIBS/MOTORLIB.o
 .debug_macro   0x00000000       0x3a Dave/Generated/src/LIBS/MOTORLIB.o
 .debug_macro   0x00000000       0x10 Dave/Generated/src/LIBS/MOTORLIB.o
 .debug_macro   0x00000000       0x2e Dave/Generated/src/LIBS/MOTORLIB.o
 .debug_macro   0x00000000       0xa3 Dave/Generated/src/LIBS/MOTORLIB.o
 .debug_macro   0x00000000      0x20e Dave/Generated/src/LIBS/MOTORLIB.o
 .debug_macro   0x00000000       0x1f Dave/Generated/src/LIBS/MOTORLIB.o
 .debug_macro   0x00000000      0x242 Dave/Generated/src/LIBS/MOTORLIB.o
 .debug_macro   0x00000000       0x36 Dave/Generated/src/LIBS/MOTORLIB.o
 .debug_macro   0x00000000     0x843f Dave/Generated/src/LIBS/MOTORLIB.o
 .debug_macro   0x00000000      0x16c Dave/Generated/src/LIBS/MOTORLIB.o
 .debug_macro   0x00000000       0x22 Dave/Generated/src/LIBS/MOTORLIB.o
 .debug_macro   0x00000000      0x311 Dave/Generated/src/LIBS/MOTORLIB.o
 .debug_macro   0x00000000       0x64 Dave/Generated/src/LIBS/MOTORLIB.o
 .debug_macro   0x00000000       0x34 Dave/Generated/src/LIBS/MOTORLIB.o
 .debug_macro   0x00000000       0x2d Dave/Generated/src/LIBS/MOTORLIB.o
 .debug_macro   0x00000000       0x10 Dave/Generated/src/LIBS/MOTORLIB.o
 .debug_macro   0x00000000       0x16 Dave/Generated/src/LIBS/MOTORLIB.o
 .debug_macro   0x00000000       0x16 Dave/Generated/src/LIBS/MOTORLIB.o
 .comment       0x00000000       0x71 Dave/Generated/src/LIBS/MOTORLIB.o
 .group         0x00000000        0x8 Dave/Generated/src/IO004/IO004.o
 .group         0x00000000        0x8 Dave/Generated/src/IO004/IO004.o
 .group         0x00000000        0x8 Dave/Generated/src/IO004/IO004.o
 .group         0x00000000        0x8 Dave/Generated/src/IO004/IO004.o
 .group         0x00000000        0x8 Dave/Generated/src/IO004/IO004.o
 .group         0x00000000        0x8 Dave/Generated/src/IO004/IO004.o
 .group         0x00000000        0x8 Dave/Generated/src/IO004/IO004.o
 .group         0x00000000        0x8 Dave/Generated/src/IO004/IO004.o
 .group         0x00000000        0x8 Dave/Generated/src/IO004/IO004.o
 .group         0x00000000        0x8 Dave/Generated/src/IO004/IO004.o
 .group         0x00000000        0x8 Dave/Generated/src/IO004/IO004.o
 .group         0x00000000        0x8 Dave/Generated/src/IO004/IO004.o
 .group         0x00000000        0x8 Dave/Generated/src/IO004/IO004.o
 .group         0x00000000        0x8 Dave/Generated/src/IO004/IO004.o
 .group         0x00000000        0x8 Dave/Generated/src/IO004/IO004.o
 .group         0x00000000        0x8 Dave/Generated/src/IO004/IO004.o
 .group         0x00000000        0x8 Dave/Generated/src/IO004/IO004.o
 .group         0x00000000        0x8 Dave/Generated/src/IO004/IO004.o
 .group         0x00000000        0x8 Dave/Generated/src/IO004/IO004.o
 .group         0x00000000        0x8 Dave/Generated/src/IO004/IO004.o
 .group         0x00000000        0x8 Dave/Generated/src/IO004/IO004.o
 .debug_macro   0x00000000      0x7f0 Dave/Generated/src/IO004/IO004.o
 .debug_macro   0x00000000       0x22 Dave/Generated/src/IO004/IO004.o
 .debug_macro   0x00000000       0x3a Dave/Generated/src/IO004/IO004.o
 .debug_macro   0x00000000       0x3a Dave/Generated/src/IO004/IO004.o
 .debug_macro   0x00000000       0x10 Dave/Generated/src/IO004/IO004.o
 .debug_macro   0x00000000       0x2e Dave/Generated/src/IO004/IO004.o
 .debug_macro   0x00000000       0xa3 Dave/Generated/src/IO004/IO004.o
 .debug_macro   0x00000000      0x20e Dave/Generated/src/IO004/IO004.o
 .debug_macro   0x00000000       0x1f Dave/Generated/src/IO004/IO004.o
 .debug_macro   0x00000000      0x242 Dave/Generated/src/IO004/IO004.o
 .debug_macro   0x00000000       0x36 Dave/Generated/src/IO004/IO004.o
 .debug_macro   0x00000000     0x843f Dave/Generated/src/IO004/IO004.o
 .debug_macro   0x00000000      0x16c Dave/Generated/src/IO004/IO004.o
 .debug_macro   0x00000000       0x22 Dave/Generated/src/IO004/IO004.o
 .debug_macro   0x00000000      0x311 Dave/Generated/src/IO004/IO004.o
 .debug_macro   0x00000000       0x64 Dave/Generated/src/IO004/IO004.o
 .debug_macro   0x00000000       0x34 Dave/Generated/src/IO004/IO004.o
 .debug_macro   0x00000000       0x2d Dave/Generated/src/IO004/IO004.o
 .debug_macro   0x00000000       0x10 Dave/Generated/src/IO004/IO004.o
 .debug_macro   0x00000000       0x16 Dave/Generated/src/IO004/IO004.o
 .debug_macro   0x00000000       0x16 Dave/Generated/src/IO004/IO004.o
 .comment       0x00000000       0x71 Dave/Generated/src/IO004/IO004.o
 .group         0x00000000        0x8 Dave/Generated/src/IO004/IO004_Conf.o
 .group         0x00000000        0x8 Dave/Generated/src/IO004/IO004_Conf.o
 .group         0x00000000        0x8 Dave/Generated/src/IO004/IO004_Conf.o
 .group         0x00000000        0x8 Dave/Generated/src/IO004/IO004_Conf.o
 .group         0x00000000        0x8 Dave/Generated/src/IO004/IO004_Conf.o
 .group         0x00000000        0x8 Dave/Generated/src/IO004/IO004_Conf.o
 .group         0x00000000        0x8 Dave/Generated/src/IO004/IO004_Conf.o
 .group         0x00000000        0x8 Dave/Generated/src/IO004/IO004_Conf.o
 .group         0x00000000        0x8 Dave/Generated/src/IO004/IO004_Conf.o
 .group         0x00000000        0x8 Dave/Generated/src/IO004/IO004_Conf.o
 .group         0x00000000        0x8 Dave/Generated/src/IO004/IO004_Conf.o
 .group         0x00000000        0x8 Dave/Generated/src/IO004/IO004_Conf.o
 .group         0x00000000        0x8 Dave/Generated/src/IO004/IO004_Conf.o
 .group         0x00000000        0x8 Dave/Generated/src/IO004/IO004_Conf.o
 .group         0x00000000        0x8 Dave/Generated/src/IO004/IO004_Conf.o
 .group         0x00000000        0x8 Dave/Generated/src/IO004/IO004_Conf.o
 .group         0x00000000        0x8 Dave/Generated/src/IO004/IO004_Conf.o
 .group         0x00000000        0x8 Dave/Generated/src/IO004/IO004_Conf.o
 .group         0x00000000        0x8 Dave/Generated/src/IO004/IO004_Conf.o
 .group         0x00000000        0x8 Dave/Generated/src/IO004/IO004_Conf.o
 .group         0x00000000        0x8 Dave/Generated/src/IO004/IO004_Conf.o
 .debug_macro   0x00000000      0x7f0 Dave/Generated/src/IO004/IO004_Conf.o
 .debug_macro   0x00000000       0x22 Dave/Generated/src/IO004/IO004_Conf.o
 .debug_macro   0x00000000       0x3a Dave/Generated/src/IO004/IO004_Conf.o
 .debug_macro   0x00000000       0x3a Dave/Generated/src/IO004/IO004_Conf.o
 .debug_macro   0x00000000       0x10 Dave/Generated/src/IO004/IO004_Conf.o
 .debug_macro   0x00000000       0x2e Dave/Generated/src/IO004/IO004_Conf.o
 .debug_macro   0x00000000       0xa3 Dave/Generated/src/IO004/IO004_Conf.o
 .debug_macro   0x00000000      0x20e Dave/Generated/src/IO004/IO004_Conf.o
 .debug_macro   0x00000000       0x1f Dave/Generated/src/IO004/IO004_Conf.o
 .debug_macro   0x00000000      0x242 Dave/Generated/src/IO004/IO004_Conf.o
 .debug_macro   0x00000000       0x36 Dave/Generated/src/IO004/IO004_Conf.o
 .debug_macro   0x00000000     0x843f Dave/Generated/src/IO004/IO004_Conf.o
 .debug_macro   0x00000000      0x16c Dave/Generated/src/IO004/IO004_Conf.o
 .debug_macro   0x00000000       0x22 Dave/Generated/src/IO004/IO004_Conf.o
 .debug_macro   0x00000000      0x311 Dave/Generated/src/IO004/IO004_Conf.o
 .debug_macro   0x00000000       0x64 Dave/Generated/src/IO004/IO004_Conf.o
 .debug_macro   0x00000000       0x34 Dave/Generated/src/IO004/IO004_Conf.o
 .debug_macro   0x00000000       0x2d Dave/Generated/src/IO004/IO004_Conf.o
 .debug_macro   0x00000000       0x10 Dave/Generated/src/IO004/IO004_Conf.o
 .debug_macro   0x00000000       0x16 Dave/Generated/src/IO004/IO004_Conf.o
 .debug_macro   0x00000000       0x16 Dave/Generated/src/IO004/IO004_Conf.o
 .comment       0x00000000       0x71 Dave/Generated/src/IO004/IO004_Conf.o
 .group         0x00000000        0x8 Dave/Generated/src/DAVESupport/DAVE3.o
 .group         0x00000000        0x8 Dave/Generated/src/DAVESupport/DAVE3.o
 .group         0x00000000        0x8 Dave/Generated/src/DAVESupport/DAVE3.o
 .group         0x00000000        0x8 Dave/Generated/src/DAVESupport/DAVE3.o
 .group         0x00000000        0x8 Dave/Generated/src/DAVESupport/DAVE3.o
 .group         0x00000000        0x8 Dave/Generated/src/DAVESupport/DAVE3.o
 .group         0x00000000        0x8 Dave/Generated/src/DAVESupport/DAVE3.o
 .group         0x00000000        0x8 Dave/Generated/src/DAVESupport/DAVE3.o
 .group         0x00000000        0x8 Dave/Generated/src/DAVESupport/DAVE3.o
 .group         0x00000000        0x8 Dave/Generated/src/DAVESupport/DAVE3.o
 .group         0x00000000        0x8 Dave/Generated/src/DAVESupport/DAVE3.o
 .group         0x00000000        0x8 Dave/Generated/src/DAVESupport/DAVE3.o
 .group         0x00000000        0x8 Dave/Generated/src/DAVESupport/DAVE3.o
 .group         0x00000000        0x8 Dave/Generated/src/DAVESupport/DAVE3.o
 .group         0x00000000        0x8 Dave/Generated/src/DAVESupport/DAVE3.o
 .group         0x00000000        0x8 Dave/Generated/src/DAVESupport/DAVE3.o
 .group         0x00000000        0x8 Dave/Generated/src/DAVESupport/DAVE3.o
 .group         0x00000000        0x8 Dave/Generated/src/DAVESupport/DAVE3.o
 .group         0x00000000        0x8 Dave/Generated/src/DAVESupport/DAVE3.o
 .group         0x00000000        0x8 Dave/Generated/src/DAVESupport/DAVE3.o
 .group         0x00000000        0x8 Dave/Generated/src/DAVESupport/DAVE3.o
 .debug_macro   0x00000000      0x7f0 Dave/Generated/src/DAVESupport/DAVE3.o
 .debug_macro   0x00000000       0x22 Dave/Generated/src/DAVESupport/DAVE3.o
 .debug_macro   0x00000000       0x3a Dave/Generated/src/DAVESupport/DAVE3.o
 .debug_macro   0x00000000       0x3a Dave/Generated/src/DAVESupport/DAVE3.o
 .debug_macro   0x00000000       0x10 Dave/Generated/src/DAVESupport/DAVE3.o
 .debug_macro   0x00000000       0x2e Dave/Generated/src/DAVESupport/DAVE3.o
 .debug_macro   0x00000000       0xa3 Dave/Generated/src/DAVESupport/DAVE3.o
 .debug_macro   0x00000000      0x20e Dave/Generated/src/DAVESupport/DAVE3.o
 .debug_macro   0x00000000       0x1f Dave/Generated/src/DAVESupport/DAVE3.o
 .debug_macro   0x00000000      0x242 Dave/Generated/src/DAVESupport/DAVE3.o
 .debug_macro   0x00000000       0x36 Dave/Generated/src/DAVESupport/DAVE3.o
 .debug_macro   0x00000000     0x843f Dave/Generated/src/DAVESupport/DAVE3.o
 .debug_macro   0x00000000      0x16c Dave/Generated/src/DAVESupport/DAVE3.o
 .debug_macro   0x00000000       0x22 Dave/Generated/src/DAVESupport/DAVE3.o
 .debug_macro   0x00000000      0x311 Dave/Generated/src/DAVESupport/DAVE3.o
 .debug_macro   0x00000000       0x64 Dave/Generated/src/DAVESupport/DAVE3.o
 .debug_macro   0x00000000       0x34 Dave/Generated/src/DAVESupport/DAVE3.o
 .debug_macro   0x00000000       0x2d Dave/Generated/src/DAVESupport/DAVE3.o
 .debug_macro   0x00000000       0x10 Dave/Generated/src/DAVESupport/DAVE3.o
 .debug_macro   0x00000000       0x16 Dave/Generated/src/DAVESupport/DAVE3.o
 .debug_macro   0x00000000       0x16 Dave/Generated/src/DAVESupport/DAVE3.o
 .comment       0x00000000       0x71 Dave/Generated/src/DAVESupport/DAVE3.o
 .group         0x00000000        0x8 Dave/Generated/src/DAVESupport/MULTIPLEXER.o
 .group         0x00000000        0x8 Dave/Generated/src/DAVESupport/MULTIPLEXER.o
 .group         0x00000000        0x8 Dave/Generated/src/DAVESupport/MULTIPLEXER.o
 .group         0x00000000        0x8 Dave/Generated/src/DAVESupport/MULTIPLEXER.o
 .group         0x00000000        0x8 Dave/Generated/src/DAVESupport/MULTIPLEXER.o
 .group         0x00000000        0x8 Dave/Generated/src/DAVESupport/MULTIPLEXER.o
 .group         0x00000000        0x8 Dave/Generated/src/DAVESupport/MULTIPLEXER.o
 .group         0x00000000        0x8 Dave/Generated/src/DAVESupport/MULTIPLEXER.o
 .group         0x00000000        0x8 Dave/Generated/src/DAVESupport/MULTIPLEXER.o
 .group         0x00000000        0x8 Dave/Generated/src/DAVESupport/MULTIPLEXER.o
 .group         0x00000000        0x8 Dave/Generated/src/DAVESupport/MULTIPLEXER.o
 .group         0x00000000        0x8 Dave/Generated/src/DAVESupport/MULTIPLEXER.o
 .group         0x00000000        0x8 Dave/Generated/src/DAVESupport/MULTIPLEXER.o
 .group         0x00000000        0x8 Dave/Generated/src/DAVESupport/MULTIPLEXER.o
 .group         0x00000000        0x8 Dave/Generated/src/DAVESupport/MULTIPLEXER.o
 .group         0x00000000        0x8 Dave/Generated/src/DAVESupport/MULTIPLEXER.o
 .group         0x00000000        0x8 Dave/Generated/src/DAVESupport/MULTIPLEXER.o
 .group         0x00000000        0x8 Dave/Generated/src/DAVESupport/MULTIPLEXER.o
 .group         0x00000000        0x8 Dave/Generated/src/DAVESupport/MULTIPLEXER.o
 .group         0x00000000        0x8 Dave/Generated/src/DAVESupport/MULTIPLEXER.o
 .group         0x00000000        0x8 Dave/Generated/src/DAVESupport/MULTIPLEXER.o
 .debug_macro   0x00000000      0x7f0 Dave/Generated/src/DAVESupport/MULTIPLEXER.o
 .debug_macro   0x00000000       0x22 Dave/Generated/src/DAVESupport/MULTIPLEXER.o
 .debug_macro   0x00000000       0x3a Dave/Generated/src/DAVESupport/MULTIPLEXER.o
 .debug_macro   0x00000000       0x3a Dave/Generated/src/DAVESupport/MULTIPLEXER.o
 .debug_macro   0x00000000       0x10 Dave/Generated/src/DAVESupport/MULTIPLEXER.o
 .debug_macro   0x00000000       0x2e Dave/Generated/src/DAVESupport/MULTIPLEXER.o
 .debug_macro   0x00000000       0xa3 Dave/Generated/src/DAVESupport/MULTIPLEXER.o
 .debug_macro   0x00000000      0x20e Dave/Generated/src/DAVESupport/MULTIPLEXER.o
 .debug_macro   0x00000000       0x1f Dave/Generated/src/DAVESupport/MULTIPLEXER.o
 .debug_macro   0x00000000      0x242 Dave/Generated/src/DAVESupport/MULTIPLEXER.o
 .debug_macro   0x00000000       0x36 Dave/Generated/src/DAVESupport/MULTIPLEXER.o
 .debug_macro   0x00000000     0x843f Dave/Generated/src/DAVESupport/MULTIPLEXER.o
 .debug_macro   0x00000000      0x16c Dave/Generated/src/DAVESupport/MULTIPLEXER.o
 .debug_macro   0x00000000       0x22 Dave/Generated/src/DAVESupport/MULTIPLEXER.o
 .debug_macro   0x00000000      0x311 Dave/Generated/src/DAVESupport/MULTIPLEXER.o
 .debug_macro   0x00000000       0x64 Dave/Generated/src/DAVESupport/MULTIPLEXER.o
 .debug_macro   0x00000000       0x34 Dave/Generated/src/DAVESupport/MULTIPLEXER.o
 .debug_macro   0x00000000       0x2d Dave/Generated/src/DAVESupport/MULTIPLEXER.o
 .debug_macro   0x00000000       0x10 Dave/Generated/src/DAVESupport/MULTIPLEXER.o
 .debug_macro   0x00000000       0x16 Dave/Generated/src/DAVESupport/MULTIPLEXER.o
 .debug_macro   0x00000000       0x16 Dave/Generated/src/DAVESupport/MULTIPLEXER.o
 .comment       0x00000000       0x71 Dave/Generated/src/DAVESupport/MULTIPLEXER.o
 .group         0x00000000        0x8 Dave/Generated/src/CLK002/CLK002.o
 .group         0x00000000        0x8 Dave/Generated/src/CLK002/CLK002.o
 .group         0x00000000        0x8 Dave/Generated/src/CLK002/CLK002.o
 .group         0x00000000        0x8 Dave/Generated/src/CLK002/CLK002.o
 .group         0x00000000        0x8 Dave/Generated/src/CLK002/CLK002.o
 .group         0x00000000        0x8 Dave/Generated/src/CLK002/CLK002.o
 .group         0x00000000        0x8 Dave/Generated/src/CLK002/CLK002.o
 .group         0x00000000        0x8 Dave/Generated/src/CLK002/CLK002.o
 .group         0x00000000        0x8 Dave/Generated/src/CLK002/CLK002.o
 .group         0x00000000        0x8 Dave/Generated/src/CLK002/CLK002.o
 .group         0x00000000        0x8 Dave/Generated/src/CLK002/CLK002.o
 .group         0x00000000        0x8 Dave/Generated/src/CLK002/CLK002.o
 .group         0x00000000        0x8 Dave/Generated/src/CLK002/CLK002.o
 .group         0x00000000        0x8 Dave/Generated/src/CLK002/CLK002.o
 .group         0x00000000        0x8 Dave/Generated/src/CLK002/CLK002.o
 .group         0x00000000        0x8 Dave/Generated/src/CLK002/CLK002.o
 .group         0x00000000        0x8 Dave/Generated/src/CLK002/CLK002.o
 .group         0x00000000        0x8 Dave/Generated/src/CLK002/CLK002.o
 .group         0x00000000        0x8 Dave/Generated/src/CLK002/CLK002.o
 .group         0x00000000        0x8 Dave/Generated/src/CLK002/CLK002.o
 .group         0x00000000        0x8 Dave/Generated/src/CLK002/CLK002.o
 .debug_macro   0x00000000      0x7f0 Dave/Generated/src/CLK002/CLK002.o
 .debug_macro   0x00000000       0x22 Dave/Generated/src/CLK002/CLK002.o
 .debug_macro   0x00000000       0x3a Dave/Generated/src/CLK002/CLK002.o
 .debug_macro   0x00000000       0x3a Dave/Generated/src/CLK002/CLK002.o
 .debug_macro   0x00000000       0x10 Dave/Generated/src/CLK002/CLK002.o
 .debug_macro   0x00000000       0x2e Dave/Generated/src/CLK002/CLK002.o
 .debug_macro   0x00000000       0xa3 Dave/Generated/src/CLK002/CLK002.o
 .debug_macro   0x00000000      0x20e Dave/Generated/src/CLK002/CLK002.o
 .debug_macro   0x00000000       0x1f Dave/Generated/src/CLK002/CLK002.o
 .debug_macro   0x00000000      0x242 Dave/Generated/src/CLK002/CLK002.o
 .debug_macro   0x00000000       0x36 Dave/Generated/src/CLK002/CLK002.o
 .debug_macro   0x00000000     0x843f Dave/Generated/src/CLK002/CLK002.o
 .debug_macro   0x00000000      0x16c Dave/Generated/src/CLK002/CLK002.o
 .debug_macro   0x00000000       0x22 Dave/Generated/src/CLK002/CLK002.o
 .debug_macro   0x00000000      0x311 Dave/Generated/src/CLK002/CLK002.o
 .debug_macro   0x00000000       0x64 Dave/Generated/src/CLK002/CLK002.o
 .debug_macro   0x00000000       0x34 Dave/Generated/src/CLK002/CLK002.o
 .debug_macro   0x00000000       0x2d Dave/Generated/src/CLK002/CLK002.o
 .debug_macro   0x00000000       0x10 Dave/Generated/src/CLK002/CLK002.o
 .debug_macro   0x00000000       0x16 Dave/Generated/src/CLK002/CLK002.o
 .debug_macro   0x00000000       0x16 Dave/Generated/src/CLK002/CLK002.o
 .comment       0x00000000       0x71 Dave/Generated/src/CLK002/CLK002.o
 .group         0x00000000        0x8 DA/src/DAC.o
 .group         0x00000000        0x8 DA/src/DAC.o
 .group         0x00000000        0x8 DA/src/DAC.o
 .group         0x00000000        0x8 DA/src/DAC.o
 .group         0x00000000        0x8 DA/src/DAC.o
 .group         0x00000000        0x8 DA/src/DAC.o
 .group         0x00000000        0x8 DA/src/DAC.o
 .group         0x00000000        0x8 DA/src/DAC.o
 .group         0x00000000        0x8 DA/src/DAC.o
 .group         0x00000000        0x8 DA/src/DAC.o
 .group         0x00000000        0x8 DA/src/DAC.o
 .group         0x00000000        0x8 DA/src/DAC.o
 .group         0x00000000        0x8 DA/src/DAC.o
 .group         0x00000000        0x8 DA/src/DAC.o
 .group         0x00000000        0x8 DA/src/DAC.o
 .group         0x00000000        0x8 DA/src/DAC.o
 .group         0x00000000        0x8 DA/src/DAC.o
 .group         0x00000000        0x8 DA/src/DAC.o
 .group         0x00000000        0x8 DA/src/DAC.o
 .group         0x00000000        0x8 DA/src/DAC.o
 .group         0x00000000        0x8 DA/src/DAC.o
 .debug_macro   0x00000000      0x7f0 DA/src/DAC.o
 .debug_macro   0x00000000       0x22 DA/src/DAC.o
 .debug_macro   0x00000000       0x3a DA/src/DAC.o
 .debug_macro   0x00000000       0x3a DA/src/DAC.o
 .debug_macro   0x00000000       0x10 DA/src/DAC.o
 .debug_macro   0x00000000       0x2e DA/src/DAC.o
 .debug_macro   0x00000000       0xa3 DA/src/DAC.o
 .debug_macro   0x00000000      0x20e DA/src/DAC.o
 .debug_macro   0x00000000       0x1f DA/src/DAC.o
 .debug_macro   0x00000000      0x242 DA/src/DAC.o
 .debug_macro   0x00000000       0x36 DA/src/DAC.o
 .debug_macro   0x00000000     0x843f DA/src/DAC.o
 .debug_macro   0x00000000      0x16c DA/src/DAC.o
 .debug_macro   0x00000000       0x22 DA/src/DAC.o
 .debug_macro   0x00000000      0x311 DA/src/DAC.o
 .debug_macro   0x00000000       0x64 DA/src/DAC.o
 .debug_macro   0x00000000       0x34 DA/src/DAC.o
 .debug_macro   0x00000000       0x2d DA/src/DAC.o
 .debug_macro   0x00000000       0x10 DA/src/DAC.o
 .debug_macro   0x00000000       0x16 DA/src/DAC.o
 .debug_macro   0x00000000       0x16 DA/src/DAC.o
 .comment       0x00000000       0x71 DA/src/DAC.o

Memory Configuration

Name             Origin             Length             Attributes
FLASH            0x10001000         0x00032000         xr
SRAM             0x20000000         0x00004000         !xr
*default*        0x00000000         0xffffffff

Linker script and memory map

LOAD Startup/startup_XMC1300.o
LOAD Startup/system_XMC1300.o
LOAD Main.o
LOAD Lib/System_LibcStubs.o
LOAD Dave/Generated/src/SPI001/SPI001.o
LOAD Dave/Generated/src/SPI001/SPI001_Conf.o
LOAD Dave/Generated/src/MATHLIBS/FASTMATH01.o
LOAD Dave/Generated/src/MATHLIBS/MATH01.o
LOAD Dave/Generated/src/MATHLIBS/MATHLLD01.o
LOAD Dave/Generated/src/MATHLIBS/STDMATH01.o
LOAD Dave/Generated/src/LIBS/CCU8PWMLIB.o
LOAD Dave/Generated/src/LIBS/MOTORLIB.o
LOAD Dave/Generated/src/IO004/IO004.o
LOAD Dave/Generated/src/IO004/IO004_Conf.o
LOAD Dave/Generated/src/DAVESupport/DAVE3.o
LOAD Dave/Generated/src/DAVESupport/MULTIPLEXER.o
LOAD Dave/Generated/src/CLK002/CLK002.o
LOAD DA/src/DAC.o
START GROUP
LOAD d:/dave-3.1.10/arm-gcc/bin/../lib/gcc/arm-none-eabi/4.7.4/armv6-m\libgcc.a
LOAD d:/dave-3.1.10/arm-gcc/bin/../lib/gcc/arm-none-eabi/4.7.4/../../../../arm-none-eabi/lib/armv6-m\libg.a
LOAD d:/dave-3.1.10/arm-gcc/bin/../lib/gcc/arm-none-eabi/4.7.4/../../../../arm-none-eabi/lib/armv6-m\libc.a
END GROUP
                0x00000800                stack_size = 0x800

.text           0x10001000     0x2b8c
                0x10001000                sText = .
 *(.Xmc1300.reset)
 .Xmc1300.reset
                0x10001000       0x2c Startup/startup_XMC1300.o
                0x10001000                __Xmc1300_interrupt_vector_cortex_m
                0x10001018                __Xmc1300_reset_cortex_m
 *(.Xmc1300.postreset)
 .Xmc1300.postreset
                0x1000102c       0x8c Startup/startup_XMC1300.o
 *(.XmcStartup)
 .XmcStartup    0x100010b8        0x8 Startup/startup_XMC1300.o
                0x100010b8                software_init_hook
                0x100010bc                hardware_init_hook
 *(.text .text.* .gnu.linkonce.t.*)
 .text          0x100010c0       0x44 Startup/startup_XMC1300.o
                0x100010c0                NMI_Handler
                0x100010c2                HardFault_Handler
                0x100010c4                SVC_Handler
                0x100010c6                PendSV_Handler
                0x100010c8                SysTick_Handler
                0x100010ca                SCU_0_IRQHandler
                0x100010cc                SCU_1_IRQHandler
                0x100010ce                SCU_2_IRQHandler
                0x100010d0                ERU0_0_IRQHandler
                0x100010d2                ERU0_1_IRQHandler
                0x100010d4                ERU0_2_IRQHandler
                0x100010d6                ERU0_3_IRQHandler
                0x100010d8                MATH0_0_IRQHandler
                0x100010da                VADC0_C0_0_IRQHandler
                0x100010dc                VADC0_C0_1_IRQHandler
                0x100010de                VADC0_G0_0_IRQHandler
                0x100010e0                VADC0_G0_1_IRQHandler
                0x100010e2                VADC0_G1_0_IRQHandler
                0x100010e4                VADC0_G1_1_IRQHandler
                0x100010e6                CCU40_0_IRQHandler
                0x100010e8                CCU40_1_IRQHandler
                0x100010ea                CCU40_2_IRQHandler
                0x100010ec                CCU40_3_IRQHandler
                0x100010ee                CCU80_0_IRQHandler
                0x100010f0                CCU80_1_IRQHandler
                0x100010f2                POSIF0_0_IRQHandler
                0x100010f4                POSIF0_1_IRQHandler
                0x100010f6                USIC0_0_IRQHandler
                0x100010f8                USIC0_1_IRQHandler
                0x100010fa                USIC0_2_IRQHandler
                0x100010fc                USIC0_3_IRQHandler
                0x100010fe                USIC0_4_IRQHandler
                0x10001100                USIC0_5_IRQHandler
                0x10001102                BCCU0_0_IRQHandler
 .text          0x10001104        0x0 Startup/system_XMC1300.o
 .text.SystemInit
                0x10001104        0xc Startup/system_XMC1300.o
                0x10001104                SystemInit
 .text.SystemCoreClockUpdate
                0x10001110       0x5c Startup/system_XMC1300.o
                0x10001110                SystemCoreClockUpdate
 .text          0x1000116c        0x0 Main.o
 .text.main     0x1000116c       0x20 Main.o
                0x1000116c                main
 .text          0x1000118c        0x0 Lib/System_LibcStubs.o
 .text._open    0x1000118c       0x18 Lib/System_LibcStubs.o
                0x1000118c                _open
 .text._lseek   0x100011a4       0x18 Lib/System_LibcStubs.o
                0x100011a4                _lseek
 .text._read    0x100011bc       0x18 Lib/System_LibcStubs.o
                0x100011bc                _read
 .text._write   0x100011d4       0x18 Lib/System_LibcStubs.o
                0x100011d4                _write
 .text._close   0x100011ec       0x10 Lib/System_LibcStubs.o
                0x100011ec                _close
 .text._fstat   0x100011fc       0x24 Lib/System_LibcStubs.o
                0x100011fc                _fstat
 .text._link    0x10001220       0x24 Lib/System_LibcStubs.o
                0x10001220                _link
 .text._unlink  0x10001244       0x14 Lib/System_LibcStubs.o
                0x10001244                _unlink
 .text._sbrk    0x10001258       0x6c Lib/System_LibcStubs.o
                0x10001258                _sbrk
 .text._times   0x100012c4       0x14 Lib/System_LibcStubs.o
                0x100012c4                _times
 .text._wait    0x100012d8       0x14 Lib/System_LibcStubs.o
                0x100012d8                _wait
 .text._kill    0x100012ec       0x18 Lib/System_LibcStubs.o
                0x100012ec                _kill
 .text._fork    0x10001304       0x10 Lib/System_LibcStubs.o
                0x10001304                _fork
 .text._getpid  0x10001314       0x10 Lib/System_LibcStubs.o
                0x10001314                _getpid
 .text._exit    0x10001324        0xc Lib/System_LibcStubs.o
                0x10001324                _exit
 .text._init    0x10001330        0x8 Lib/System_LibcStubs.o
                0x10001330                _init
 .text._isatty  0x10001338       0x14 Lib/System_LibcStubs.o
                0x10001338                _isatty
 .text          0x1000134c        0x0 Dave/Generated/src/SPI001/SPI001.o
 .text.SPI001_lInit
                0x1000134c      0x308 Dave/Generated/src/SPI001/SPI001.o
                0x1000134c                SPI001_lInit
 .text.SPI001_lConfigureBaudRate
                0x10001654       0xe8 Dave/Generated/src/SPI001/SPI001.o
                0x10001654                SPI001_lConfigureBaudRate
 .text.SPI001_lClearPortRegs
                0x1000173c      0x128 Dave/Generated/src/SPI001/SPI001.o
                0x1000173c                SPI001_lClearPortRegs
 .text.SPI001_lMTSR2_Modfn
                0x10001864      0x128 Dave/Generated/src/SPI001/SPI001.o
                0x10001864                SPI001_lMTSR2_Modfn
 .text.SPI001_lMTSR3_Modfn
                0x1000198c      0x128 Dave/Generated/src/SPI001/SPI001.o
                0x1000198c                SPI001_lMTSR3_Modfn
 .text.SPI001_lPinModfn_Fullduplex
                0x10001ab4      0x1fc Dave/Generated/src/SPI001/SPI001.o
                0x10001ab4                SPI001_lPinModfn_Fullduplex
 .text.SPI001_Init
                0x10001cb0       0x68 Dave/Generated/src/SPI001/SPI001.o
                0x10001cb0                SPI001_Init
 .text.SPI001_DeInit
                0x10001d18       0x10 Dave/Generated/src/SPI001/SPI001.o
                0x10001d18                SPI001_DeInit
 .text.SPI001_Configure
                0x10001d28      0x478 Dave/Generated/src/SPI001/SPI001.o
                0x10001d28                SPI001_Configure
 .text.SPI001_ReadData
                0x100021a0       0x58 Dave/Generated/src/SPI001/SPI001.o
                0x100021a0                SPI001_ReadData
 .text.SPI001_WriteData
                0x100021f8       0xac Dave/Generated/src/SPI001/SPI001.o
                0x100021f8                SPI001_WriteData
 .text.SPI001_GetFlagStatus
                0x100022a4       0x80 Dave/Generated/src/SPI001/SPI001.o
                0x100022a4                SPI001_GetFlagStatus
 .text.SPI001_ClearFlag
                0x10002324       0x74 Dave/Generated/src/SPI001/SPI001.o
                0x10002324                SPI001_ClearFlag
 .text          0x10002398        0x0 Dave/Generated/src/SPI001/SPI001_Conf.o
 .text          0x10002398        0x0 Dave/Generated/src/MATHLIBS/FASTMATH01.o
 .text          0x10002398        0x0 Dave/Generated/src/MATHLIBS/MATH01.o
 .text          0x10002398        0x0 Dave/Generated/src/MATHLIBS/MATHLLD01.o
 .text          0x10002398        0x0 Dave/Generated/src/MATHLIBS/STDMATH01.o
 .text          0x10002398        0x0 Dave/Generated/src/LIBS/CCU8PWMLIB.o
 .text          0x10002398        0x0 Dave/Generated/src/LIBS/MOTORLIB.o
 .text          0x10002398        0x0 Dave/Generated/src/IO004/IO004.o
 .text.IO004_Init
                0x10002398       0x20 Dave/Generated/src/IO004/IO004.o
                0x10002398                IO004_Init
 .text.IO004_DisableOutputDriver
                0x100023b8      0x1b4 Dave/Generated/src/IO004/IO004.o
                0x100023b8                IO004_DisableOutputDriver
 .text.IO004_EnableOutputDriver
                0x1000256c      0x1b4 Dave/Generated/src/IO004/IO004.o
                0x1000256c                IO004_EnableOutputDriver
 .text          0x10002720        0x0 Dave/Generated/src/IO004/IO004_Conf.o
 .text          0x10002720        0x0 Dave/Generated/src/DAVESupport/DAVE3.o
 .text.DAVE_Init
                0x10002720       0x1c Dave/Generated/src/DAVESupport/DAVE3.o
                0x10002720                DAVE_Init
 .text          0x1000273c        0x0 Dave/Generated/src/DAVESupport/MULTIPLEXER.o
 .text.DAVE_MUX_Init
                0x1000273c      0x128 Dave/Generated/src/DAVESupport/MULTIPLEXER.o
                0x1000273c                DAVE_MUX_Init
 .text.DAVE_MUX_PreInit
                0x10002864        0x8 Dave/Generated/src/DAVESupport/MULTIPLEXER.o
                0x10002864                DAVE_MUX_PreInit
 .text          0x1000286c        0x0 Dave/Generated/src/CLK002/CLK002.o
 .text.CLK002_Init
                0x1000286c       0x38 Dave/Generated/src/CLK002/CLK002.o
                0x1000286c                CLK002_Init
 .text.AllowClkInitByStartup
                0x100028a4        0xc Dave/Generated/src/CLK002/CLK002.o
                0x100028a4                AllowClkInitByStartup
 .text.CLK002_lDivUpdate
                0x100028b0       0x78 Dave/Generated/src/CLK002/CLK002.o
 .text.CLK002_lFrequencyUpScaling
                0x10002928       0xbc Dave/Generated/src/CLK002/CLK002.o
 .text.CLK002_lFrequencyDownScaling
                0x100029e4       0xb0 Dave/Generated/src/CLK002/CLK002.o
 .text          0x10002a94        0x0 DA/src/DAC.o
 .text.U0C0_SSC_vSendData
                0x10002a94       0x3c DA/src/DAC.o
 .text.DAOutputs
                0x10002ad0       0xb0 DA/src/DAC.o
                0x10002ad0                DAOutputs
 .text          0x10002b80       0x9c d:/dave-3.1.10/arm-gcc/bin/../lib/gcc/arm-none-eabi/4.7.4/armv6-m\libgcc.a(_udivsi3.o)
                0x10002b80                __aeabi_uidiv
                0x10002b80                __udivsi3
                0x10002c08                __aeabi_uidivmod
 .text          0x10002c1c        0x4 d:/dave-3.1.10/arm-gcc/bin/../lib/gcc/arm-none-eabi/4.7.4/armv6-m\libgcc.a(_dvmd_tls.o)
                0x10002c1c                __aeabi_idiv0
                0x10002c1c                __aeabi_ldiv0
 .text          0x10002c20       0x74 d:/dave-3.1.10/arm-gcc/bin/../lib/gcc/arm-none-eabi/4.7.4/armv6-m\libgcc.a(_arm_cmpsf2.o)
                0x10002c20                __aeabi_cfrcmple
                0x10002c28                __aeabi_cfcmpeq
                0x10002c28                __aeabi_cfcmple
                0x10002c38                __aeabi_fcmpeq
                0x10002c44                __aeabi_fcmplt
                0x10002c58                __aeabi_fcmple
                0x10002c6c                __aeabi_fcmpgt
                0x10002c80                __aeabi_fcmpge
 .text          0x10002c94       0x30 d:/dave-3.1.10/arm-gcc/bin/../lib/gcc/arm-none-eabi/4.7.4/armv6-m\libgcc.a(_fixunssfsi.o)
                0x10002c94                __fixunssfsi
                0x10002c94                __aeabi_f2uiz
 .text          0x10002cc4      0x3ac d:/dave-3.1.10/arm-gcc/bin/../lib/gcc/arm-none-eabi/4.7.4/armv6-m\libgcc.a(addsf3.o)
                0x10002cc4                __aeabi_fadd
 .text          0x10003070      0x274 d:/dave-3.1.10/arm-gcc/bin/../lib/gcc/arm-none-eabi/4.7.4/armv6-m\libgcc.a(divsf3.o)
                0x10003070                __aeabi_fdiv
 .text          0x100032e4       0x50 d:/dave-3.1.10/arm-gcc/bin/../lib/gcc/arm-none-eabi/4.7.4/armv6-m\libgcc.a(eqsf2.o)
                0x100032e4                __eqsf2
                0x100032e4                __nesf2
 .text          0x10003334       0x90 d:/dave-3.1.10/arm-gcc/bin/../lib/gcc/arm-none-eabi/4.7.4/armv6-m\libgcc.a(gesf2.o)
                0x10003334                __gesf2
                0x10003334                __gtsf2
 .text          0x100033c4       0x90 d:/dave-3.1.10/arm-gcc/bin/../lib/gcc/arm-none-eabi/4.7.4/armv6-m\libgcc.a(lesf2.o)
                0x100033c4                __ltsf2
                0x100033c4                __lesf2
 .text          0x10003454      0x260 d:/dave-3.1.10/arm-gcc/bin/../lib/gcc/arm-none-eabi/4.7.4/armv6-m\libgcc.a(mulsf3.o)
                0x10003454                __aeabi_fmul
 .text          0x100036b4      0x3b4 d:/dave-3.1.10/arm-gcc/bin/../lib/gcc/arm-none-eabi/4.7.4/armv6-m\libgcc.a(subsf3.o)
                0x100036b4                __aeabi_fsub
 .text          0x10003a68       0x40 d:/dave-3.1.10/arm-gcc/bin/../lib/gcc/arm-none-eabi/4.7.4/armv6-m\libgcc.a(fixsfsi.o)
                0x10003a68                __aeabi_f2iz
 .text          0x10003aa8       0xa8 d:/dave-3.1.10/arm-gcc/bin/../lib/gcc/arm-none-eabi/4.7.4/armv6-m\libgcc.a(floatunsisf.o)
                0x10003aa8                __aeabi_ui2f
 .text          0x10003b50       0x3c d:/dave-3.1.10/arm-gcc/bin/../lib/gcc/arm-none-eabi/4.7.4/armv6-m\libgcc.a(_clzsi2.o)
                0x10003b50                __clzsi2
 *(.glue*)
 .glue_7        0x00000000        0x0 linker stubs
 .glue_7t       0x00000000        0x0 linker stubs
 *(.v4*)
 .v4_bx         0x00000000        0x0 linker stubs
 *(.vfp11_veneer)
 .vfp11_veneer  0x00000000        0x0 linker stubs
 *(.init)
                0x10003b8c                __preinit_array_start = .
 *(.preinit_array)
                0x10003b8c                __preinit_array_end = .
                0x10003b8c                __init_array_start = .
 *(SORT(.init_array.*))
 *(.init_array)
                0x10003b8c                __init_array_end = .
 *crtbegin.o(.ctors)
 *(EXCLUDE_FILE(*crtend.o) .ctors)
 *(SORT(.ctors.*))
 *crtend.o(.ctors)
 *(.fini)
                0x10003b8c                __fini_array_start = .
 *(.fini_array)
 *(SORT(.fini_array.*))
                0x10003b8c                __fini_array_end = .
 *crtbegin.o(.dtors)
 *(EXCLUDE_FILE(*crtend.o) .dtors)
 *(SORT(.dtors.*))
 *crtend.o(.dtors)
                0x10003b8c                __extab_start = .
 *(.ARM.extab* .gnu.linkonce.armextab.*)
 .ARM.extab.Xmc1300.reset
                0x10003b8c        0x0 Startup/startup_XMC1300.o
 .ARM.extab.Xmc1300.postreset
                0x10003b8c        0x0 Startup/startup_XMC1300.o
                0x10003b8c                . = ALIGN (0x4)
                0x10003b8c                __extab_end = ABSOLUTE (.)

.iplt           0x10003b8c        0x0
 .iplt          0x00000000        0x0 Startup/startup_XMC1300.o

.ARM.exidx      0x10003b8c       0x10
                0x10003b8c                __exidx_start = .
 *(.ARM.exidx* .gnu.linkonce.armexidx.*)
 .ARM.exidx.Xmc1300.reset
                0x10003b8c        0x8 Startup/startup_XMC1300.o
 .ARM.exidx.Xmc1300.postreset
                0x10003b94        0x8 Startup/startup_XMC1300.o
                0x10003b9c                . = ALIGN (0x4)
                0x10003b9c                __exidx_end = ABSOLUTE (.)

.rodata         0x10003b9c       0xac
 *(.rodata .rodata.*)
 .rodata        0x10003b9c        0x4 Dave/Generated/src/SPI001/SPI001.o
                0x10003b9c                SPI001_Baud_Parameter_Values0
 .rodata        0x10003ba0       0x20 Dave/Generated/src/SPI001/SPI001_Conf.o
                0x10003ba0                SPI001_Handle0
 .rodata        0x10003bc0        0x8 Dave/Generated/src/IO004/IO004_Conf.o
                0x10003bc0                IO004_Handle0
 .rodata        0x10003bc8       0x40 d:/dave-3.1.10/arm-gcc/bin/../lib/gcc/arm-none-eabi/4.7.4/armv6-m\libgcc.a(divsf3.o)
 .rodata        0x10003c08       0x40 d:/dave-3.1.10/arm-gcc/bin/../lib/gcc/arm-none-eabi/4.7.4/armv6-m\libgcc.a(mulsf3.o)
 *(.gnu.linkonce.r*)
                0x10003c50                . = ALIGN (0x10)
                0x10003c50                eROData = .
                0x10003c50                VeneerLoadAddr = ABSOLUTE (eROData)

.VENEER_Code    0x2000000c      0x138 load address 0x10003c50
                0x2000000c                VeneerStart = .
 *(.XmcVeneerCode)
 .XmcVeneerCode
                0x2000000c      0x138 Startup/startup_XMC1300.o
                0x2000000c                HardFault_Veneer
                0x2000002c                SVC_Veneer
                0x20000038                PendSV_Veneer
                0x2000003c                SysTick_Veneer
                0x20000040                SCU_0_Veneer
                0x20000044                SCU_1_Veneer
                0x20000048                SCU_2_Veneer
                0x2000004c                SCU_3_Veneer
                0x20000050                SCU_4_Veneer
                0x20000054                SCU_5_Veneer
                0x20000058                SCU_6_Veneer
                0x2000005c                MATH_Veneer
                0x20000064                USIC0_0_Veneer
                0x20000068                USIC0_1_Veneer
                0x2000006c                USIC0_2_Veneer
                0x20000070                USIC0_3_Veneer
                0x20000074                USIC0_4_Veneer
                0x20000078                USIC0_5_Veneer
                0x2000007c                VADC0_C0_0_Veneer
                0x20000080                VADC0_C0_1_Veneer
                0x20000084                VADC0_G0_0_Veneer
                0x20000088                VADC0_G0_1_Veneer
                0x2000008c                VADC0_G1_0_Veneer
                0x20000090                VADC0_G1_1_Veneer
                0x20000094                CCU40_0_Veneer
                0x20000098                CCU40_1_Veneer
                0x2000009c                CCU40_2_Veneer
                0x200000a0                CCU40_3_Veneer
                0x200000a4                CCU80_0_Veneer
                0x200000a8                CCU80_1_Veneer
                0x200000ac                POSIF0_0_Veneer
                0x200000b0                POSIF0_1_Veneer
                0x200000bc                BCCU0_0_Veneer
                0x20000144                . = ALIGN (0x4)
                0x20000144                VeneerEnd = .
                0x00000138                VeneerSize = (ABSOLUTE (VeneerEnd) - ABSOLUTE (VeneerStart))

.rel.dyn        0x20000144        0x0 load address 0x10003d88
 .rel.iplt      0x00000000        0x0 Startup/startup_XMC1300.o

.GUARD_Band     0x20000144        0xc load address 0x00000000
                0x20000147                . = (. + 0x3)
 *fill*         0x20000144        0x3 00
                0x20000150                . = ALIGN (0x10)
 *fill*         0x20000147        0x9 00
                0x20000150                Guard_Band_End = .

Stack           0x20000150      0x800 load address 0x00000000
                0x20000950                . = (. + stack_size)
 *fill*         0x20000150      0x800 00
                0x20000950                __Xmc1300_stack = .

.bss            0x20000950       0x10
                0x20000950                __Xmc1300_sBSS = .
 *(.bss)
 .bss           0x20000950        0x0 Startup/startup_XMC1300.o
 .bss           0x20000950        0x0 Startup/system_XMC1300.o
 .bss           0x20000950        0x0 Main.o
 .bss           0x20000950        0xc Lib/System_LibcStubs.o
                0x20000950                __dso_handle
 .bss           0x2000095c        0x0 Dave/Generated/src/SPI001/SPI001.o
 .bss           0x2000095c        0x0 Dave/Generated/src/SPI001/SPI001_Conf.o
 .bss           0x2000095c        0x0 Dave/Generated/src/MATHLIBS/FASTMATH01.o
 .bss           0x2000095c        0x0 Dave/Generated/src/MATHLIBS/MATH01.o
 .bss           0x2000095c        0x0 Dave/Generated/src/MATHLIBS/MATHLLD01.o
 .bss           0x2000095c        0x0 Dave/Generated/src/MATHLIBS/STDMATH01.o
 .bss           0x2000095c        0x0 Dave/Generated/src/LIBS/CCU8PWMLIB.o
 .bss           0x2000095c        0x0 Dave/Generated/src/LIBS/MOTORLIB.o
 .bss           0x2000095c        0x0 Dave/Generated/src/IO004/IO004.o
 .bss           0x2000095c        0x0 Dave/Generated/src/IO004/IO004_Conf.o
 .bss           0x2000095c        0x0 Dave/Generated/src/DAVESupport/DAVE3.o
 .bss           0x2000095c        0x0 Dave/Generated/src/DAVESupport/MULTIPLEXER.o
 .bss           0x2000095c        0x0 Dave/Generated/src/CLK002/CLK002.o
 .bss           0x2000095c        0x0 DA/src/DAC.o
 .bss           0x2000095c        0x0 d:/dave-3.1.10/arm-gcc/bin/../lib/gcc/arm-none-eabi/4.7.4/armv6-m\libgcc.a(_udivsi3.o)
 .bss           0x2000095c        0x0 d:/dave-3.1.10/arm-gcc/bin/../lib/gcc/arm-none-eabi/4.7.4/armv6-m\libgcc.a(_dvmd_tls.o)
 .bss           0x2000095c        0x0 d:/dave-3.1.10/arm-gcc/bin/../lib/gcc/arm-none-eabi/4.7.4/armv6-m\libgcc.a(_arm_cmpsf2.o)
 .bss           0x2000095c        0x0 d:/dave-3.1.10/arm-gcc/bin/../lib/gcc/arm-none-eabi/4.7.4/armv6-m\libgcc.a(_fixunssfsi.o)
 .bss           0x2000095c        0x0 d:/dave-3.1.10/arm-gcc/bin/../lib/gcc/arm-none-eabi/4.7.4/armv6-m\libgcc.a(addsf3.o)
 .bss           0x2000095c        0x0 d:/dave-3.1.10/arm-gcc/bin/../lib/gcc/arm-none-eabi/4.7.4/armv6-m\libgcc.a(divsf3.o)
 .bss           0x2000095c        0x0 d:/dave-3.1.10/arm-gcc/bin/../lib/gcc/arm-none-eabi/4.7.4/armv6-m\libgcc.a(eqsf2.o)
 .bss           0x2000095c        0x0 d:/dave-3.1.10/arm-gcc/bin/../lib/gcc/arm-none-eabi/4.7.4/armv6-m\libgcc.a(gesf2.o)
 .bss           0x2000095c        0x0 d:/dave-3.1.10/arm-gcc/bin/../lib/gcc/arm-none-eabi/4.7.4/armv6-m\libgcc.a(lesf2.o)
 .bss           0x2000095c        0x0 d:/dave-3.1.10/arm-gcc/bin/../lib/gcc/arm-none-eabi/4.7.4/armv6-m\libgcc.a(mulsf3.o)
 .bss           0x2000095c        0x0 d:/dave-3.1.10/arm-gcc/bin/../lib/gcc/arm-none-eabi/4.7.4/armv6-m\libgcc.a(subsf3.o)
 .bss           0x2000095c        0x0 d:/dave-3.1.10/arm-gcc/bin/../lib/gcc/arm-none-eabi/4.7.4/armv6-m\libgcc.a(fixsfsi.o)
 .bss           0x2000095c        0x0 d:/dave-3.1.10/arm-gcc/bin/../lib/gcc/arm-none-eabi/4.7.4/armv6-m\libgcc.a(floatunsisf.o)
 .bss           0x2000095c        0x0 d:/dave-3.1.10/arm-gcc/bin/../lib/gcc/arm-none-eabi/4.7.4/armv6-m\libgcc.a(_clzsi2.o)
 *(.bss*)
 *(COMMON)
 COMMON         0x2000095c        0x4 Startup/system_XMC1300.o
                0x2000095c                SystemCoreClock
 *(.gnu.linkonce.b*)
                0x20000960                __Xmc1300_eBSS = ALIGN (0x4)
                0x00000010                __Xmc1300_BSS_Size = (__Xmc1300_eBSS - __Xmc1300_sBSS)
                0x10003d88                DataLoadAddr = (eROData + VeneerSize)

.data           0x20000960       0x30 load address 0x10003d88
                0x20000960                __Xmc1300_sData = .
 *(.data)
 .data          0x20000960        0x0 Startup/startup_XMC1300.o
 .data          0x20000960        0x0 Startup/system_XMC1300.o
 .data          0x20000960        0x2 Main.o
 .data          0x20000962        0x0 Lib/System_LibcStubs.o
 .data          0x20000962        0x0 Dave/Generated/src/SPI001/SPI001.o
 *fill*         0x20000962        0x2 00
 .data          0x20000964       0x2c Dave/Generated/src/SPI001/SPI001_Conf.o
                0x20000964                SPI001_Config0
                0x20000974                SPI001_PinHandle0
 .data          0x20000990        0x0 Dave/Generated/src/MATHLIBS/FASTMATH01.o
 .data          0x20000990        0x0 Dave/Generated/src/MATHLIBS/MATH01.o
 .data          0x20000990        0x0 Dave/Generated/src/MATHLIBS/MATHLLD01.o
 .data          0x20000990        0x0 Dave/Generated/src/MATHLIBS/STDMATH01.o
 .data          0x20000990        0x0 Dave/Generated/src/LIBS/CCU8PWMLIB.o
 .data          0x20000990        0x0 Dave/Generated/src/LIBS/MOTORLIB.o
 .data          0x20000990        0x0 Dave/Generated/src/IO004/IO004.o
 .data          0x20000990        0x0 Dave/Generated/src/IO004/IO004_Conf.o
 .data          0x20000990        0x0 Dave/Generated/src/DAVESupport/DAVE3.o
 .data          0x20000990        0x0 Dave/Generated/src/DAVESupport/MULTIPLEXER.o
 .data          0x20000990        0x0 Dave/Generated/src/CLK002/CLK002.o
 .data          0x20000990        0x0 DA/src/DAC.o
 .data          0x20000990        0x0 d:/dave-3.1.10/arm-gcc/bin/../lib/gcc/arm-none-eabi/4.7.4/armv6-m\libgcc.a(_udivsi3.o)
 .data          0x20000990        0x0 d:/dave-3.1.10/arm-gcc/bin/../lib/gcc/arm-none-eabi/4.7.4/armv6-m\libgcc.a(_dvmd_tls.o)
 .data          0x20000990        0x0 d:/dave-3.1.10/arm-gcc/bin/../lib/gcc/arm-none-eabi/4.7.4/armv6-m\libgcc.a(_arm_cmpsf2.o)
 .data          0x20000990        0x0 d:/dave-3.1.10/arm-gcc/bin/../lib/gcc/arm-none-eabi/4.7.4/armv6-m\libgcc.a(_fixunssfsi.o)
 .data          0x20000990        0x0 d:/dave-3.1.10/arm-gcc/bin/../lib/gcc/arm-none-eabi/4.7.4/armv6-m\libgcc.a(addsf3.o)
 .data          0x20000990        0x0 d:/dave-3.1.10/arm-gcc/bin/../lib/gcc/arm-none-eabi/4.7.4/armv6-m\libgcc.a(divsf3.o)
 .data          0x20000990        0x0 d:/dave-3.1.10/arm-gcc/bin/../lib/gcc/arm-none-eabi/4.7.4/armv6-m\libgcc.a(eqsf2.o)
 .data          0x20000990        0x0 d:/dave-3.1.10/arm-gcc/bin/../lib/gcc/arm-none-eabi/4.7.4/armv6-m\libgcc.a(gesf2.o)
 .data          0x20000990        0x0 d:/dave-3.1.10/arm-gcc/bin/../lib/gcc/arm-none-eabi/4.7.4/armv6-m\libgcc.a(lesf2.o)
 .data          0x20000990        0x0 d:/dave-3.1.10/arm-gcc/bin/../lib/gcc/arm-none-eabi/4.7.4/armv6-m\libgcc.a(mulsf3.o)
 .data          0x20000990        0x0 d:/dave-3.1.10/arm-gcc/bin/../lib/gcc/arm-none-eabi/4.7.4/armv6-m\libgcc.a(subsf3.o)
 .data          0x20000990        0x0 d:/dave-3.1.10/arm-gcc/bin/../lib/gcc/arm-none-eabi/4.7.4/armv6-m\libgcc.a(fixsfsi.o)
 .data          0x20000990        0x0 d:/dave-3.1.10/arm-gcc/bin/../lib/gcc/arm-none-eabi/4.7.4/armv6-m\libgcc.a(floatunsisf.o)
 .data          0x20000990        0x0 d:/dave-3.1.10/arm-gcc/bin/../lib/gcc/arm-none-eabi/4.7.4/armv6-m\libgcc.a(_clzsi2.o)
 *(.data*)
 *(*.data)
 *(.gnu.linkonce.d*)
                0x20000990                __Xmc1300_eData = ALIGN (0x4)
                0x00000030                __Xmc1300_Data_Size = (__Xmc1300_eData - __Xmc1300_sData)
                0x20000990                __Xmc1300_heap_start = ALIGN (0x8)
                0x20004000                __Xmc1300_heap_end = (ORIGIN (SRAM) + 0x4000)
                0x20000990                Heap_Bank1_Start = __Xmc1300_heap_start
                0x00003670                Heap_Bank1_Size = (__Xmc1300_heap_end - __Xmc1300_heap_start)

.igot.plt       0x20000990        0x0 load address 0x10003db8
 .igot.plt      0x00000000        0x0 Startup/startup_XMC1300.o

/DISCARD/
 *(.comment)

.stab
 *(.stab)

.stabstr
 *(.stabstr)

.debug
 *(.debug)

.line
 *(.line)

.debug_srcinfo
 *(.debug_srcinfo)

.debug_sfnames
 *(.debug_sfnames)

.debug_aranges  0x00000000      0x348
 *(.debug_aranges)
 .debug_aranges
                0x00000000       0x40 Startup/startup_XMC1300.o
 .debug_aranges
                0x00000040       0x28 Startup/system_XMC1300.o
 .debug_aranges
                0x00000068       0x20 Main.o
 .debug_aranges
                0x00000088       0xa0 Lib/System_LibcStubs.o
 .debug_aranges
                0x00000128       0x80 Dave/Generated/src/SPI001/SPI001.o
 .debug_aranges
                0x000001a8       0x18 Dave/Generated/src/SPI001/SPI001_Conf.o
 .debug_aranges
                0x000001c0       0x18 Dave/Generated/src/MATHLIBS/FASTMATH01.o
 .debug_aranges
                0x000001d8       0x18 Dave/Generated/src/MATHLIBS/MATH01.o
 .debug_aranges
                0x000001f0       0x18 Dave/Generated/src/MATHLIBS/MATHLLD01.o
 .debug_aranges
                0x00000208       0x18 Dave/Generated/src/MATHLIBS/STDMATH01.o
 .debug_aranges
                0x00000220       0x18 Dave/Generated/src/LIBS/CCU8PWMLIB.o
 .debug_aranges
                0x00000238       0x18 Dave/Generated/src/LIBS/MOTORLIB.o
 .debug_aranges
                0x00000250       0x30 Dave/Generated/src/IO004/IO004.o
 .debug_aranges
                0x00000280       0x18 Dave/Generated/src/IO004/IO004_Conf.o
 .debug_aranges
                0x00000298       0x20 Dave/Generated/src/DAVESupport/DAVE3.o
 .debug_aranges
                0x000002b8       0x28 Dave/Generated/src/DAVESupport/MULTIPLEXER.o
 .debug_aranges
                0x000002e0       0x40 Dave/Generated/src/CLK002/CLK002.o
 .debug_aranges
                0x00000320       0x28 DA/src/DAC.o

.debug_pubnames
 *(.debug_pubnames)

.debug_pubtypes
 *(.debug_pubtypes)

.debug_info     0x00000000     0x4a5c
 *(.debug_info .gnu.linkonce.wi.*)
 .debug_info    0x00000000       0x75 Startup/startup_XMC1300.o
 .debug_info    0x00000075      0x15f Startup/system_XMC1300.o
 .debug_info    0x000001d4      0x901 Main.o
 .debug_info    0x00000ad5      0x65f Lib/System_LibcStubs.o
 .debug_info    0x00001134     0x122c Dave/Generated/src/SPI001/SPI001.o
 .debug_info    0x00002360      0x8ee Dave/Generated/src/SPI001/SPI001_Conf.o
 .debug_info    0x00002c4e       0x76 Dave/Generated/src/MATHLIBS/FASTMATH01.o
 .debug_info    0x00002cc4       0x76 Dave/Generated/src/MATHLIBS/MATH01.o
 .debug_info    0x00002d3a       0x76 Dave/Generated/src/MATHLIBS/MATHLLD01.o
 .debug_info    0x00002db0       0x76 Dave/Generated/src/MATHLIBS/STDMATH01.o
 .debug_info    0x00002e26       0x76 Dave/Generated/src/LIBS/CCU8PWMLIB.o
 .debug_info    0x00002e9c       0x76 Dave/Generated/src/LIBS/MOTORLIB.o
 .debug_info    0x00002f12      0x381 Dave/Generated/src/IO004/IO004.o
 .debug_info    0x00003293      0x268 Dave/Generated/src/IO004/IO004_Conf.o
 .debug_info    0x000034fb       0x98 Dave/Generated/src/DAVESupport/DAVE3.o
 .debug_info    0x00003593      0x7e8 Dave/Generated/src/DAVESupport/MULTIPLEXER.o
 .debug_info    0x00003d7b      0x33d Dave/Generated/src/CLK002/CLK002.o
 .debug_info    0x000040b8      0x9a4 DA/src/DAC.o

.debug_abbrev   0x00000000      0xd50
 *(.debug_abbrev)
 .debug_abbrev  0x00000000       0x12 Startup/startup_XMC1300.o
 .debug_abbrev  0x00000012       0xc5 Startup/system_XMC1300.o
 .debug_abbrev  0x000000d7      0x14a Main.o
 .debug_abbrev  0x00000221      0x149 Lib/System_LibcStubs.o
 .debug_abbrev  0x0000036a      0x20c Dave/Generated/src/SPI001/SPI001.o
 .debug_abbrev  0x00000576      0x11b Dave/Generated/src/SPI001/SPI001_Conf.o
 .debug_abbrev  0x00000691       0x29 Dave/Generated/src/MATHLIBS/FASTMATH01.o
 .debug_abbrev  0x000006ba       0x29 Dave/Generated/src/MATHLIBS/MATH01.o
 .debug_abbrev  0x000006e3       0x29 Dave/Generated/src/MATHLIBS/MATHLLD01.o
 .debug_abbrev  0x0000070c       0x29 Dave/Generated/src/MATHLIBS/STDMATH01.o
 .debug_abbrev  0x00000735       0x29 Dave/Generated/src/LIBS/CCU8PWMLIB.o
 .debug_abbrev  0x0000075e       0x29 Dave/Generated/src/LIBS/MOTORLIB.o
 .debug_abbrev  0x00000787      0x118 Dave/Generated/src/IO004/IO004.o
 .debug_abbrev  0x0000089f       0xaa Dave/Generated/src/IO004/IO004_Conf.o
 .debug_abbrev  0x00000949       0x47 Dave/Generated/src/DAVESupport/DAVE3.o
 .debug_abbrev  0x00000990      0x112 Dave/Generated/src/DAVESupport/MULTIPLEXER.o
 .debug_abbrev  0x00000aa2      0x12a Dave/Generated/src/CLK002/CLK002.o
 .debug_abbrev  0x00000bcc      0x184 DA/src/DAC.o

.debug_line     0x00000000     0x6371
 *(.debug_line)
 .debug_line    0x00000000      0x163 Startup/startup_XMC1300.o
 .debug_line    0x00000163      0x2f6 Startup/system_XMC1300.o
 .debug_line    0x00000459      0x5c4 Main.o
 .debug_line    0x00000a1d      0x3c1 Lib/System_LibcStubs.o
 .debug_line    0x00000dde      0x87d Dave/Generated/src/SPI001/SPI001.o
 .debug_line    0x0000165b      0x5a0 Dave/Generated/src/SPI001/SPI001_Conf.o
 .debug_line    0x00001bfb      0x62f Dave/Generated/src/MATHLIBS/FASTMATH01.o
 .debug_line    0x0000222a      0x627 Dave/Generated/src/MATHLIBS/MATH01.o
 .debug_line    0x00002851      0x61e Dave/Generated/src/MATHLIBS/MATHLLD01.o
 .debug_line    0x00002e6f      0x62d Dave/Generated/src/MATHLIBS/STDMATH01.o
 .debug_line    0x0000349c      0x5d7 Dave/Generated/src/LIBS/CCU8PWMLIB.o
 .debug_line    0x00003a73      0x5d3 Dave/Generated/src/LIBS/MOTORLIB.o
 .debug_line    0x00004046      0x628 Dave/Generated/src/IO004/IO004.o
 .debug_line    0x0000466e      0x59e Dave/Generated/src/IO004/IO004_Conf.o
 .debug_line    0x00004c0c      0x58f Dave/Generated/src/DAVESupport/DAVE3.o
 .debug_line    0x0000519b      0x5b3 Dave/Generated/src/DAVESupport/MULTIPLEXER.o
 .debug_line    0x0000574e      0x651 Dave/Generated/src/CLK002/CLK002.o
 .debug_line    0x00005d9f      0x5d2 DA/src/DAC.o

.debug_frame    0x00000000      0x830
 *(.debug_frame)
 .debug_frame   0x00000000       0x4c Startup/system_XMC1300.o
 .debug_frame   0x0000004c       0x2c Main.o
 .debug_frame   0x00000078      0x220 Lib/System_LibcStubs.o
 .debug_frame   0x00000298      0x1b8 Dave/Generated/src/SPI001/SPI001.o
 .debug_frame   0x00000450       0x74 Dave/Generated/src/IO004/IO004.o
 .debug_frame   0x000004c4       0x2c Dave/Generated/src/DAVESupport/DAVE3.o
 .debug_frame   0x000004f0       0x4c Dave/Generated/src/DAVESupport/MULTIPLEXER.o
 .debug_frame   0x0000053c       0xa8 Dave/Generated/src/CLK002/CLK002.o
 .debug_frame   0x000005e4       0x58 DA/src/DAC.o
 .debug_frame   0x0000063c       0x20 d:/dave-3.1.10/arm-gcc/bin/../lib/gcc/arm-none-eabi/4.7.4/armv6-m\libgcc.a(_udivsi3.o)
 .debug_frame   0x0000065c       0x28 d:/dave-3.1.10/arm-gcc/bin/../lib/gcc/arm-none-eabi/4.7.4/armv6-m\libgcc.a(_fixunssfsi.o)
 .debug_frame   0x00000684       0x30 d:/dave-3.1.10/arm-gcc/bin/../lib/gcc/arm-none-eabi/4.7.4/armv6-m\libgcc.a(addsf3.o)
 .debug_frame   0x000006b4       0x3c d:/dave-3.1.10/arm-gcc/bin/../lib/gcc/arm-none-eabi/4.7.4/armv6-m\libgcc.a(divsf3.o)
 .debug_frame   0x000006f0       0x2c d:/dave-3.1.10/arm-gcc/bin/../lib/gcc/arm-none-eabi/4.7.4/armv6-m\libgcc.a(eqsf2.o)
 .debug_frame   0x0000071c       0x30 d:/dave-3.1.10/arm-gcc/bin/../lib/gcc/arm-none-eabi/4.7.4/armv6-m\libgcc.a(gesf2.o)
 .debug_frame   0x0000074c       0x30 d:/dave-3.1.10/arm-gcc/bin/../lib/gcc/arm-none-eabi/4.7.4/armv6-m\libgcc.a(lesf2.o)
 .debug_frame   0x0000077c       0x3c d:/dave-3.1.10/arm-gcc/bin/../lib/gcc/arm-none-eabi/4.7.4/armv6-m\libgcc.a(mulsf3.o)
 .debug_frame   0x000007b8       0x30 d:/dave-3.1.10/arm-gcc/bin/../lib/gcc/arm-none-eabi/4.7.4/armv6-m\libgcc.a(subsf3.o)
 .debug_frame   0x000007e8       0x20 d:/dave-3.1.10/arm-gcc/bin/../lib/gcc/arm-none-eabi/4.7.4/armv6-m\libgcc.a(fixsfsi.o)
 .debug_frame   0x00000808       0x28 d:/dave-3.1.10/arm-gcc/bin/../lib/gcc/arm-none-eabi/4.7.4/armv6-m\libgcc.a(floatunsisf.o)

.debug_str      0x00000000    0x3a910
 *(.debug_str)
 .debug_str     0x00000000    0x34e27 Startup/system_XMC1300.o
                              0x34f63 (size before relaxing)
 .debug_str     0x00034e27     0x198a Main.o
                              0x368e3 (size before relaxing)
 .debug_str     0x000367b1     0x2e30 Lib/System_LibcStubs.o
                               0x57dc (size before relaxing)
 .debug_str     0x000395e1      0xaff Dave/Generated/src/SPI001/SPI001.o
                              0x37428 (size before relaxing)
 .debug_str     0x0003a0e0       0x86 Dave/Generated/src/SPI001/SPI001_Conf.o
                              0x3686d (size before relaxing)
 .debug_str     0x0003a166      0x2db Dave/Generated/src/MATHLIBS/FASTMATH01.o
                              0x36658 (size before relaxing)
 .debug_str     0x0003a441       0x28 Dave/Generated/src/MATHLIBS/MATH01.o
                              0x36650 (size before relaxing)
 .debug_str     0x0003a469       0x2b Dave/Generated/src/MATHLIBS/MATHLLD01.o
                              0x36648 (size before relaxing)
 .debug_str     0x0003a494       0x39 Dave/Generated/src/MATHLIBS/STDMATH01.o
                              0x36656 (size before relaxing)
 .debug_str     0x0003a4cd       0x28 Dave/Generated/src/LIBS/CCU8PWMLIB.o
                              0x363a5 (size before relaxing)
 .debug_str     0x0003a4f5       0x26 Dave/Generated/src/LIBS/MOTORLIB.o
                              0x363a3 (size before relaxing)
 .debug_str     0x0003a51b      0x198 Dave/Generated/src/IO004/IO004.o
                              0x3659c (size before relaxing)
 .debug_str     0x0003a6b3       0x29 Dave/Generated/src/IO004/IO004_Conf.o
                              0x36463 (size before relaxing)
 .debug_str     0x0003a6dc       0x34 Dave/Generated/src/DAVESupport/DAVE3.o
                              0x363b1 (size before relaxing)
 .debug_str     0x0003a710       0x71 Dave/Generated/src/DAVESupport/MULTIPLEXER.o
                              0x3657a (size before relaxing)
 .debug_str     0x0003a781      0x14b Dave/Generated/src/CLK002/CLK002.o
                              0x3658f (size before relaxing)
 .debug_str     0x0003a8cc       0x44 DA/src/DAC.o
                              0x3692f (size before relaxing)

.debug_loc      0x00000000      0x980
 *(.debug_loc)
 .debug_loc     0x00000000       0x64 Startup/system_XMC1300.o
 .debug_loc     0x00000064       0x2c Main.o
 .debug_loc     0x00000090      0x388 Lib/System_LibcStubs.o
 .debug_loc     0x00000418      0x2cc Dave/Generated/src/SPI001/SPI001.o
 .debug_loc     0x000006e4       0x9c Dave/Generated/src/IO004/IO004.o
 .debug_loc     0x00000780       0x2c Dave/Generated/src/DAVESupport/DAVE3.o
 .debug_loc     0x000007ac       0x64 Dave/Generated/src/DAVESupport/MULTIPLEXER.o
 .debug_loc     0x00000810      0x100 Dave/Generated/src/CLK002/CLK002.o
 .debug_loc     0x00000910       0x70 DA/src/DAC.o

.debug_macinfo
 *(.debug_macinfo)

.debug_ranges   0x00000000      0x1f0
 *(.debug_ranges)
 .debug_ranges  0x00000000       0x38 Startup/startup_XMC1300.o
 .debug_ranges  0x00000038       0x18 Startup/system_XMC1300.o
 .debug_ranges  0x00000050       0x10 Main.o
 .debug_ranges  0x00000060       0x90 Lib/System_LibcStubs.o
 .debug_ranges  0x000000f0       0x70 Dave/Generated/src/SPI001/SPI001.o
 .debug_ranges  0x00000160       0x20 Dave/Generated/src/IO004/IO004.o
 .debug_ranges  0x00000180       0x10 Dave/Generated/src/DAVESupport/DAVE3.o
 .debug_ranges  0x00000190       0x18 Dave/Generated/src/DAVESupport/MULTIPLEXER.o
 .debug_ranges  0x000001a8       0x30 Dave/Generated/src/CLK002/CLK002.o
 .debug_ranges  0x000001d8       0x18 DA/src/DAC.o

.debug_weaknames
 *(.debug_weaknames)

.debug_funcnames
 *(.debug_funcnames)

.debug_typenames
 *(.debug_typenames)

.debug_varnames
 *(.debug_varnames)

.build_attributes
                0x00000000      0x592
 *(.ARM.attributes)
 .ARM.attributes
                0x00000000       0x21 Startup/startup_XMC1300.o
 .ARM.attributes
                0x00000021       0x31 Startup/system_XMC1300.o
 .ARM.attributes
                0x00000052       0x31 Main.o
 .ARM.attributes
                0x00000083       0x31 Lib/System_LibcStubs.o
 .ARM.attributes
                0x000000b4       0x31 Dave/Generated/src/SPI001/SPI001.o
 .ARM.attributes
                0x000000e5       0x31 Dave/Generated/src/SPI001/SPI001_Conf.o
 .ARM.attributes
                0x00000116       0x31 Dave/Generated/src/MATHLIBS/FASTMATH01.o
 .ARM.attributes
                0x00000147       0x31 Dave/Generated/src/MATHLIBS/MATH01.o
 .ARM.attributes
                0x00000178       0x31 Dave/Generated/src/MATHLIBS/MATHLLD01.o
 .ARM.attributes
                0x000001a9       0x31 Dave/Generated/src/MATHLIBS/STDMATH01.o
 .ARM.attributes
                0x000001da       0x31 Dave/Generated/src/LIBS/CCU8PWMLIB.o
 .ARM.attributes
                0x0000020b       0x31 Dave/Generated/src/LIBS/MOTORLIB.o
 .ARM.attributes
                0x0000023c       0x31 Dave/Generated/src/IO004/IO004.o
 .ARM.attributes
                0x0000026d       0x31 Dave/Generated/src/IO004/IO004_Conf.o
 .ARM.attributes
                0x0000029e       0x31 Dave/Generated/src/DAVESupport/DAVE3.o
 .ARM.attributes
                0x000002cf       0x31 Dave/Generated/src/DAVESupport/MULTIPLEXER.o
 .ARM.attributes
                0x00000300       0x31 Dave/Generated/src/CLK002/CLK002.o
 .ARM.attributes
                0x00000331       0x31 DA/src/DAC.o
 .ARM.attributes
                0x00000362       0x1e d:/dave-3.1.10/arm-gcc/bin/../lib/gcc/arm-none-eabi/4.7.4/armv6-m\libgcc.a(_udivsi3.o)
 .ARM.attributes
                0x00000380       0x1e d:/dave-3.1.10/arm-gcc/bin/../lib/gcc/arm-none-eabi/4.7.4/armv6-m\libgcc.a(_dvmd_tls.o)
 .ARM.attributes
                0x0000039e       0x1e d:/dave-3.1.10/arm-gcc/bin/../lib/gcc/arm-none-eabi/4.7.4/armv6-m\libgcc.a(_arm_cmpsf2.o)
 .ARM.attributes
                0x000003bc       0x2c d:/dave-3.1.10/arm-gcc/bin/../lib/gcc/arm-none-eabi/4.7.4/armv6-m\libgcc.a(_fixunssfsi.o)
 .ARM.attributes
                0x000003e8       0x2c d:/dave-3.1.10/arm-gcc/bin/../lib/gcc/arm-none-eabi/4.7.4/armv6-m\libgcc.a(addsf3.o)
 .ARM.attributes
                0x00000414       0x2c d:/dave-3.1.10/arm-gcc/bin/../lib/gcc/arm-none-eabi/4.7.4/armv6-m\libgcc.a(divsf3.o)
 .ARM.attributes
                0x00000440       0x2c d:/dave-3.1.10/arm-gcc/bin/../lib/gcc/arm-none-eabi/4.7.4/armv6-m\libgcc.a(eqsf2.o)
 .ARM.attributes
                0x0000046c       0x2c d:/dave-3.1.10/arm-gcc/bin/../lib/gcc/arm-none-eabi/4.7.4/armv6-m\libgcc.a(gesf2.o)
 .ARM.attributes
                0x00000498       0x2c d:/dave-3.1.10/arm-gcc/bin/../lib/gcc/arm-none-eabi/4.7.4/armv6-m\libgcc.a(lesf2.o)
 .ARM.attributes
                0x000004c4       0x2c d:/dave-3.1.10/arm-gcc/bin/../lib/gcc/arm-none-eabi/4.7.4/armv6-m\libgcc.a(mulsf3.o)
 .ARM.attributes
                0x000004f0       0x2c d:/dave-3.1.10/arm-gcc/bin/../lib/gcc/arm-none-eabi/4.7.4/armv6-m\libgcc.a(subsf3.o)
 .ARM.attributes
                0x0000051c       0x2c d:/dave-3.1.10/arm-gcc/bin/../lib/gcc/arm-none-eabi/4.7.4/armv6-m\libgcc.a(fixsfsi.o)
 .ARM.attributes
                0x00000548       0x2c d:/dave-3.1.10/arm-gcc/bin/../lib/gcc/arm-none-eabi/4.7.4/armv6-m\libgcc.a(floatunsisf.o)
 .ARM.attributes
                0x00000574       0x1e d:/dave-3.1.10/arm-gcc/bin/../lib/gcc/arm-none-eabi/4.7.4/armv6-m\libgcc.a(_clzsi2.o)
OUTPUT(Infineon_DA_Board.elf elf32-littlearm)

.debug_macro    0x00000000     0xb876
 .debug_macro   0x00000000       0xb7 Startup/system_XMC1300.o
 .debug_macro   0x000000b7      0x7f0 Startup/system_XMC1300.o
 .debug_macro   0x000008a7       0x3a Startup/system_XMC1300.o
 .debug_macro   0x000008e1       0x10 Startup/system_XMC1300.o
 .debug_macro   0x000008f1       0x2e Startup/system_XMC1300.o
 .debug_macro   0x0000091f       0xa3 Startup/system_XMC1300.o
 .debug_macro   0x000009c2      0x20e Startup/system_XMC1300.o
 .debug_macro   0x00000bd0       0x36 Startup/system_XMC1300.o
 .debug_macro   0x00000c06       0x22 Startup/system_XMC1300.o
 .debug_macro   0x00000c28       0x3a Startup/system_XMC1300.o
 .debug_macro   0x00000c62       0x1f Startup/system_XMC1300.o
 .debug_macro   0x00000c81      0x242 Startup/system_XMC1300.o
 .debug_macro   0x00000ec3     0x843f Startup/system_XMC1300.o
 .debug_macro   0x00009302      0x12c Main.o
 .debug_macro   0x0000942e      0x16c Main.o
 .debug_macro   0x0000959a       0x22 Main.o
 .debug_macro   0x000095bc      0x311 Main.o
 .debug_macro   0x000098cd       0x64 Main.o
 .debug_macro   0x00009931       0x34 Main.o
 .debug_macro   0x00009965       0x2d Main.o
 .debug_macro   0x00009992       0x10 Main.o
 .debug_macro   0x000099a2       0x16 Main.o
 .debug_macro   0x000099b8       0x16 Main.o
 .debug_macro   0x000099ce      0x119 Lib/System_LibcStubs.o
 .debug_macro   0x00009ae7       0x3a Lib/System_LibcStubs.o
 .debug_macro   0x00009b21       0x52 Lib/System_LibcStubs.o
 .debug_macro   0x00009b73       0x19 Lib/System_LibcStubs.o
 .debug_macro   0x00009b8c      0x16d Lib/System_LibcStubs.o
 .debug_macro   0x00009cf9       0x10 Lib/System_LibcStubs.o
 .debug_macro   0x00009d09       0x16 Lib/System_LibcStubs.o
 .debug_macro   0x00009d1f       0x89 Lib/System_LibcStubs.o
 .debug_macro   0x00009da8       0x10 Lib/System_LibcStubs.o
 .debug_macro   0x00009db8       0xf5 Lib/System_LibcStubs.o
 .debug_macro   0x00009ead       0x22 Lib/System_LibcStubs.o
 .debug_macro   0x00009ecf       0x91 Lib/System_LibcStubs.o
 .debug_macro   0x00009f60       0x34 Lib/System_LibcStubs.o
 .debug_macro   0x00009f94      0x120 Lib/System_LibcStubs.o
 .debug_macro   0x0000a0b4       0x16 Lib/System_LibcStubs.o
 .debug_macro   0x0000a0ca       0x35 Lib/System_LibcStubs.o
 .debug_macro   0x0000a0ff      0x495 Lib/System_LibcStubs.o
 .debug_macro   0x0000a594      0x185 Dave/Generated/src/SPI001/SPI001.o
 .debug_macro   0x0000a719       0x8b Dave/Generated/src/SPI001/SPI001.o
 .debug_macro   0x0000a7a4      0x128 Dave/Generated/src/SPI001/SPI001_Conf.o
 .debug_macro   0x0000a8cc      0x145 Dave/Generated/src/MATHLIBS/FASTMATH01.o
 .debug_macro   0x0000aa11      0x130 Dave/Generated/src/MATHLIBS/FASTMATH01.o
 .debug_macro   0x0000ab41      0x145 Dave/Generated/src/MATHLIBS/MATH01.o
 .debug_macro   0x0000ac86      0x13b Dave/Generated/src/MATHLIBS/MATHLLD01.o
 .debug_macro   0x0000adc1      0x145 Dave/Generated/src/MATHLIBS/STDMATH01.o
 .debug_macro   0x0000af06      0x12c Dave/Generated/src/LIBS/CCU8PWMLIB.o
 .debug_macro   0x0000b032      0x12c Dave/Generated/src/LIBS/MOTORLIB.o
 .debug_macro   0x0000b15e      0x128 Dave/Generated/src/IO004/IO004.o
 .debug_macro   0x0000b286      0x128 Dave/Generated/src/IO004/IO004_Conf.o
 .debug_macro   0x0000b3ae      0x128 Dave/Generated/src/DAVESupport/DAVE3.o
 .debug_macro   0x0000b4d6      0x128 Dave/Generated/src/DAVESupport/MULTIPLEXER.o
 .debug_macro   0x0000b5fe      0x146 Dave/Generated/src/CLK002/CLK002.o
 .debug_macro   0x0000b744      0x132 DA/src/DAC.o
